{ "@timestamp": "2023-10-20T23:29:10.150539", "key": "sensitivities", "progress": 0, "total": 23 }
{ "@timestamp": "2023-10-20T23:29:10.179539", "key": "sensitivities", "progress": 1, "total": 23 }
{ "@timestamp": "2023-10-20T23:29:10.204540", "key": "sensitivities", "progress": 2, "total": 23 }
{ "@timestamp": "2023-10-20T23:29:10.226540", "key": "sensitivities", "progress": 3, "total": 23 }
{ "@timestamp": "2023-10-20T23:29:10.244540", "key": "sensitivities", "progress": 4, "total": 23 }
{ "@timestamp": "2023-10-20T23:29:10.266540", "key": "sensitivities", "progress": 5, "total": 23 }
{ "@timestamp": "2023-10-20T23:29:10.288540", "key": "sensitivities", "progress": 6, "total": 23 }
{ "@timestamp": "2023-10-20T23:29:10.308541", "key": "sensitivities", "progress": 7, "total": 23 }
{ "@timestamp": "2023-10-20T23:29:10.329541", "key": "sensitivities", "progress": 8, "total": 23 }
{ "@timestamp": "2023-10-20T23:29:10.351541", "key": "sensitivities", "progress": 9, "total": 23 }
{ "@timestamp": "2023-10-20T23:29:10.375541", "key": "sensitivities", "progress": 10, "total": 23 }
{ "@timestamp": "2023-10-20T23:29:10.397542", "key": "sensitivities", "progress": 11, "total": 23 }
{ "@timestamp": "2023-10-20T23:29:10.417542", "key": "sensitivities", "progress": 12, "total": 23 }
{ "@timestamp": "2023-10-20T23:29:10.440542", "key": "sensitivities", "progress": 13, "total": 23 }
{ "@timestamp": "2023-10-20T23:29:10.458543", "key": "sensitivities", "progress": 14, "total": 23 }
{ "@timestamp": "2023-10-20T23:29:10.481543", "key": "sensitivities", "progress": 15, "total": 23 }
{ "@timestamp": "2023-10-20T23:29:10.499543", "key": "sensitivities", "progress": 16, "total": 23 }
{ "@timestamp": "2023-10-20T23:29:10.522544", "key": "sensitivities", "progress": 17, "total": 23 }
{ "@timestamp": "2023-10-20T23:29:10.545543", "key": "sensitivities", "progress": 18, "total": 23 }
{ "@timestamp": "2023-10-20T23:29:10.566544", "key": "sensitivities", "progress": 19, "total": 23 }
{ "@timestamp": "2023-10-20T23:29:10.589544", "key": "sensitivities", "progress": 20, "total": 23 }
{ "@timestamp": "2023-10-20T23:29:10.607545", "key": "sensitivities", "progress": 21, "total": 23 }
{ "@timestamp": "2023-10-20T23:29:10.629544", "key": "sensitivities", "progress": 22, "total": 23 }
{ "@timestamp": "2023-10-20T23:29:10.653545", "key": "sensitivities", "progress": 23, "total": 23 }
{ "@timestamp": "2023-10-20T23:29:10.738546", "key": "Running XVA Analytic", "progress": 0, "total": 1 }
{ "@timestamp": "2023-10-20T23:29:10.744546", "key": "XVA: Build Today's Market", "progress": 0, "total": 1 }
{ "@timestamp": "2023-10-20T23:29:11.344553", "key": "XVA: Build Today's Market", "progress": 1, "total": 1 }
{ "@timestamp": "2023-10-20T23:29:25.151724", "key": "XVA: Build Portfolio", "progress": 0, "total": 1 }
{ "@timestamp": "2023-10-20T23:29:25.177724", "key": "XVA: Build Portfolio", "progress": 1, "total": 1 }
{ "@timestamp": "2023-10-20T23:29:25.283725", "key": "XVA: Building cube", "progress": 0, "total": 50 }
{ "@timestamp": "2023-10-20T23:29:27.384342", "key": "XVA: Building cube", "progress": 1, "total": 50 }
{ "@timestamp": "2023-10-20T23:29:27.975351", "key": "XVA: Building cube", "progress": 2, "total": 50 }
{ "@timestamp": "2023-10-20T23:29:28.558356", "key": "XVA: Building cube", "progress": 3, "total": 50 }
{ "@timestamp": "2023-10-20T23:29:29.128363", "key": "XVA: Building cube", "progress": 4, "total": 50 }
{ "@timestamp": "2023-10-20T23:29:29.736370", "key": "XVA: Building cube", "progress": 5, "total": 50 }
{ "@timestamp": "2023-10-20T23:29:30.352379", "key": "XVA: Building cube", "progress": 6, "total": 50 }
{ "@timestamp": "2023-10-20T23:29:30.918387", "key": "XVA: Building cube", "progress": 7, "total": 50 }
{ "@timestamp": "2023-10-20T23:29:31.552393", "key": "XVA: Building cube", "progress": 8, "total": 50 }
{ "@timestamp": "2023-10-20T23:29:32.118918", "key": "XVA: Building cube", "progress": 9, "total": 50 }
{ "@timestamp": "2023-10-20T23:29:32.736925", "key": "XVA: Building cube", "progress": 10, "total": 50 }
{ "@timestamp": "2023-10-20T23:29:33.376933", "key": "XVA: Building cube", "progress": 11, "total": 50 }
{ "@timestamp": "2023-10-20T23:29:34.104943", "key": "XVA: Building cube", "progress": 12, "total": 50 }
{ "@timestamp": "2023-10-20T23:29:34.838953", "key": "XVA: Building cube", "progress": 13, "total": 50 }
{ "@timestamp": "2023-10-20T23:29:35.634962", "key": "XVA: Building cube", "progress": 14, "total": 50 }
{ "@timestamp": "2023-10-20T23:29:36.349971", "key": "XVA: Building cube", "progress": 15, "total": 50 }
{ "@timestamp": "2023-10-20T23:29:37.220981", "key": "XVA: Building cube", "progress": 16, "total": 50 }
{ "@timestamp": "2023-10-20T23:29:37.935990", "key": "XVA: Building cube", "progress": 17, "total": 50 }
{ "@timestamp": "2023-10-20T23:29:38.835003", "key": "XVA: Building cube", "progress": 18, "total": 50 }
{ "@timestamp": "2023-10-20T23:29:39.754013", "key": "XVA: Building cube", "progress": 19, "total": 50 }
{ "@timestamp": "2023-10-20T23:29:40.624024", "key": "XVA: Building cube", "progress": 20, "total": 50 }
{ "@timestamp": "2023-10-20T23:29:41.608035", "key": "XVA: Building cube", "progress": 21, "total": 50 }
{ "@timestamp": "2023-10-20T23:29:42.559098", "key": "XVA: Building cube", "progress": 22, "total": 50 }
{ "@timestamp": "2023-10-20T23:29:43.711113", "key": "XVA: Building cube", "progress": 23, "total": 50 }
{ "@timestamp": "2023-10-20T23:29:44.919127", "key": "XVA: Building cube", "progress": 24, "total": 50 }
{ "@timestamp": "2023-10-20T23:29:46.098141", "key": "XVA: Building cube", "progress": 25, "total": 50 }
{ "@timestamp": "2023-10-20T23:29:49.051249", "key": "XVA: Building cube", "progress": 26, "total": 50 }
{ "@timestamp": "2023-10-20T23:29:50.089261", "key": "XVA: Building cube", "progress": 27, "total": 50 }
{ "@timestamp": "2023-10-20T23:29:51.135275", "key": "XVA: Building cube", "progress": 28, "total": 50 }
{ "@timestamp": "2023-10-20T23:29:52.163287", "key": "XVA: Building cube", "progress": 29, "total": 50 }
{ "@timestamp": "2023-10-20T23:29:53.138301", "key": "XVA: Building cube", "progress": 30, "total": 50 }
{ "@timestamp": "2023-10-20T23:29:54.056836", "key": "XVA: Building cube", "progress": 31, "total": 50 }
{ "@timestamp": "2023-10-20T23:29:55.332853", "key": "XVA: Building cube", "progress": 32, "total": 50 }
{ "@timestamp": "2023-10-20T23:29:56.438868", "key": "XVA: Building cube", "progress": 33, "total": 50 }
{ "@timestamp": "2023-10-20T23:29:57.571880", "key": "XVA: Building cube", "progress": 34, "total": 50 }
{ "@timestamp": "2023-10-20T23:29:58.536891", "key": "XVA: Building cube", "progress": 35, "total": 50 }
{ "@timestamp": "2023-10-20T23:29:59.444902", "key": "XVA: Building cube", "progress": 36, "total": 50 }
{ "@timestamp": "2023-10-20T23:30:00.349912", "key": "XVA: Building cube", "progress": 37, "total": 50 }
{ "@timestamp": "2023-10-20T23:30:01.369925", "key": "XVA: Building cube", "progress": 38, "total": 50 }
{ "@timestamp": "2023-10-20T23:30:02.234936", "key": "XVA: Building cube", "progress": 39, "total": 50 }
{ "@timestamp": "2023-10-20T23:30:03.110947", "key": "XVA: Building cube", "progress": 40, "total": 50 }
{ "@timestamp": "2023-10-20T23:30:04.018959", "key": "XVA: Building cube", "progress": 41, "total": 50 }
{ "@timestamp": "2023-10-20T23:30:04.898969", "key": "XVA: Building cube", "progress": 42, "total": 50 }
{ "@timestamp": "2023-10-20T23:30:05.860981", "key": "XVA: Building cube", "progress": 43, "total": 50 }
{ "@timestamp": "2023-10-20T23:30:06.823993", "key": "XVA: Building cube", "progress": 44, "total": 50 }
{ "@timestamp": "2023-10-20T23:30:07.731003", "key": "XVA: Building cube", "progress": 45, "total": 50 }
{ "@timestamp": "2023-10-20T23:30:08.683015", "key": "XVA: Building cube", "progress": 46, "total": 50 }
{ "@timestamp": "2023-10-20T23:30:09.632028", "key": "XVA: Building cube", "progress": 47, "total": 50 }
{ "@timestamp": "2023-10-20T23:30:10.504038", "key": "XVA: Building cube", "progress": 48, "total": 50 }
{ "@timestamp": "2023-10-20T23:30:11.377048", "key": "XVA: Building cube", "progress": 49, "total": 50 }
{ "@timestamp": "2023-10-20T23:30:12.259059", "key": "XVA: Building cube", "progress": 50, "total": 50 }
{ "@timestamp": "2023-10-20T23:30:12.357060", "key": "XVA: Aggregation", "progress": 0, "total": 1 }
{ "@timestamp": "2023-10-20T23:30:12.540064", "key": "XVA: Aggregation", "progress": 1, "total": 1 }
{ "@timestamp": "2023-10-20T23:30:12.545063", "key": "XVA: Reports", "progress": 0, "total": 1 }
{ "@timestamp": "2023-10-20T23:30:12.590066", "key": "XVA: Reports", "progress": 1, "total": 1 }
{ "@timestamp": "2023-10-20T23:30:12.594064", "key": "Running XVA Analytic", "progress": 1, "total": 1 }
