{ "@timestamp": "2023-10-20T23:31:31.360291", "key": "sensitivities", "progress": 0, "total": 73 }
{ "@timestamp": "2023-10-20T23:31:31.372289", "key": "sensitivities", "progress": 1, "total": 73 }
{ "@timestamp": "2023-10-20T23:31:31.381289", "key": "sensitivities", "progress": 2, "total": 73 }
{ "@timestamp": "2023-10-20T23:31:31.390289", "key": "sensitivities", "progress": 3, "total": 73 }
{ "@timestamp": "2023-10-20T23:31:31.400290", "key": "sensitivities", "progress": 4, "total": 73 }
{ "@timestamp": "2023-10-20T23:31:31.411291", "key": "sensitivities", "progress": 5, "total": 73 }
{ "@timestamp": "2023-10-20T23:31:31.421290", "key": "sensitivities", "progress": 6, "total": 73 }
{ "@timestamp": "2023-10-20T23:31:31.431290", "key": "sensitivities", "progress": 7, "total": 73 }
{ "@timestamp": "2023-10-20T23:31:31.441290", "key": "sensitivities", "progress": 8, "total": 73 }
{ "@timestamp": "2023-10-20T23:31:31.452289", "key": "sensitivities", "progress": 9, "total": 73 }
{ "@timestamp": "2023-10-20T23:31:31.461290", "key": "sensitivities", "progress": 10, "total": 73 }
{ "@timestamp": "2023-10-20T23:31:31.471290", "key": "sensitivities", "progress": 11, "total": 73 }
{ "@timestamp": "2023-10-20T23:31:31.480290", "key": "sensitivities", "progress": 12, "total": 73 }
{ "@timestamp": "2023-10-20T23:31:31.490290", "key": "sensitivities", "progress": 13, "total": 73 }
{ "@timestamp": "2023-10-20T23:31:31.500290", "key": "sensitivities", "progress": 14, "total": 73 }
{ "@timestamp": "2023-10-20T23:31:31.510291", "key": "sensitivities", "progress": 15, "total": 73 }
{ "@timestamp": "2023-10-20T23:31:31.520291", "key": "sensitivities", "progress": 16, "total": 73 }
{ "@timestamp": "2023-10-20T23:31:31.530292", "key": "sensitivities", "progress": 17, "total": 73 }
{ "@timestamp": "2023-10-20T23:31:31.538291", "key": "sensitivities", "progress": 18, "total": 73 }
{ "@timestamp": "2023-10-20T23:31:31.547291", "key": "sensitivities", "progress": 19, "total": 73 }
{ "@timestamp": "2023-10-20T23:31:31.557291", "key": "sensitivities", "progress": 20, "total": 73 }
{ "@timestamp": "2023-10-20T23:31:31.567293", "key": "sensitivities", "progress": 21, "total": 73 }
{ "@timestamp": "2023-10-20T23:31:31.576291", "key": "sensitivities", "progress": 22, "total": 73 }
{ "@timestamp": "2023-10-20T23:31:31.586291", "key": "sensitivities", "progress": 23, "total": 73 }
{ "@timestamp": "2023-10-20T23:31:31.595292", "key": "sensitivities", "progress": 24, "total": 73 }
{ "@timestamp": "2023-10-20T23:31:31.605292", "key": "sensitivities", "progress": 25, "total": 73 }
{ "@timestamp": "2023-10-20T23:31:31.615293", "key": "sensitivities", "progress": 26, "total": 73 }
{ "@timestamp": "2023-10-20T23:31:31.625291", "key": "sensitivities", "progress": 27, "total": 73 }
{ "@timestamp": "2023-10-20T23:31:31.633292", "key": "sensitivities", "progress": 28, "total": 73 }
{ "@timestamp": "2023-10-20T23:31:31.642292", "key": "sensitivities", "progress": 29, "total": 73 }
{ "@timestamp": "2023-10-20T23:31:31.651293", "key": "sensitivities", "progress": 30, "total": 73 }
{ "@timestamp": "2023-10-20T23:31:31.661293", "key": "sensitivities", "progress": 31, "total": 73 }
{ "@timestamp": "2023-10-20T23:31:31.670292", "key": "sensitivities", "progress": 32, "total": 73 }
{ "@timestamp": "2023-10-20T23:31:31.679293", "key": "sensitivities", "progress": 33, "total": 73 }
{ "@timestamp": "2023-10-20T23:31:31.689293", "key": "sensitivities", "progress": 34, "total": 73 }
{ "@timestamp": "2023-10-20T23:31:31.698293", "key": "sensitivities", "progress": 35, "total": 73 }
{ "@timestamp": "2023-10-20T23:31:31.708293", "key": "sensitivities", "progress": 36, "total": 73 }
{ "@timestamp": "2023-10-20T23:31:31.717293", "key": "sensitivities", "progress": 37, "total": 73 }
{ "@timestamp": "2023-10-20T23:31:31.725293", "key": "sensitivities", "progress": 38, "total": 73 }
{ "@timestamp": "2023-10-20T23:31:31.736293", "key": "sensitivities", "progress": 39, "total": 73 }
{ "@timestamp": "2023-10-20T23:31:31.747293", "key": "sensitivities", "progress": 40, "total": 73 }
{ "@timestamp": "2023-10-20T23:31:31.756295", "key": "sensitivities", "progress": 41, "total": 73 }
{ "@timestamp": "2023-10-20T23:31:31.767294", "key": "sensitivities", "progress": 42, "total": 73 }
{ "@timestamp": "2023-10-20T23:31:31.775293", "key": "sensitivities", "progress": 43, "total": 73 }
{ "@timestamp": "2023-10-20T23:31:31.785294", "key": "sensitivities", "progress": 44, "total": 73 }
{ "@timestamp": "2023-10-20T23:31:31.794295", "key": "sensitivities", "progress": 45, "total": 73 }
{ "@timestamp": "2023-10-20T23:31:31.804293", "key": "sensitivities", "progress": 46, "total": 73 }
{ "@timestamp": "2023-10-20T23:31:31.815293", "key": "sensitivities", "progress": 47, "total": 73 }
{ "@timestamp": "2023-10-20T23:31:31.825295", "key": "sensitivities", "progress": 48, "total": 73 }
{ "@timestamp": "2023-10-20T23:31:31.835295", "key": "sensitivities", "progress": 49, "total": 73 }
{ "@timestamp": "2023-10-20T23:31:31.846294", "key": "sensitivities", "progress": 50, "total": 73 }
{ "@timestamp": "2023-10-20T23:31:31.856296", "key": "sensitivities", "progress": 51, "total": 73 }
{ "@timestamp": "2023-10-20T23:31:31.865296", "key": "sensitivities", "progress": 52, "total": 73 }
{ "@timestamp": "2023-10-20T23:31:31.874294", "key": "sensitivities", "progress": 53, "total": 73 }
{ "@timestamp": "2023-10-20T23:31:31.883296", "key": "sensitivities", "progress": 54, "total": 73 }
{ "@timestamp": "2023-10-20T23:31:31.892295", "key": "sensitivities", "progress": 55, "total": 73 }
{ "@timestamp": "2023-10-20T23:31:31.902296", "key": "sensitivities", "progress": 56, "total": 73 }
{ "@timestamp": "2023-10-20T23:31:31.911296", "key": "sensitivities", "progress": 57, "total": 73 }
{ "@timestamp": "2023-10-20T23:31:31.919296", "key": "sensitivities", "progress": 58, "total": 73 }
{ "@timestamp": "2023-10-20T23:31:31.928296", "key": "sensitivities", "progress": 59, "total": 73 }
{ "@timestamp": "2023-10-20T23:31:31.938297", "key": "sensitivities", "progress": 60, "total": 73 }
{ "@timestamp": "2023-10-20T23:31:31.948297", "key": "sensitivities", "progress": 61, "total": 73 }
{ "@timestamp": "2023-10-20T23:31:31.958296", "key": "sensitivities", "progress": 62, "total": 73 }
{ "@timestamp": "2023-10-20T23:31:31.970296", "key": "sensitivities", "progress": 63, "total": 73 }
{ "@timestamp": "2023-10-20T23:31:31.980296", "key": "sensitivities", "progress": 64, "total": 73 }
{ "@timestamp": "2023-10-20T23:31:31.990298", "key": "sensitivities", "progress": 65, "total": 73 }
{ "@timestamp": "2023-10-20T23:31:31.999298", "key": "sensitivities", "progress": 66, "total": 73 }
{ "@timestamp": "2023-10-20T23:31:32.010296", "key": "sensitivities", "progress": 67, "total": 73 }
{ "@timestamp": "2023-10-20T23:31:32.020297", "key": "sensitivities", "progress": 68, "total": 73 }
{ "@timestamp": "2023-10-20T23:31:32.030298", "key": "sensitivities", "progress": 69, "total": 73 }
{ "@timestamp": "2023-10-20T23:31:32.039298", "key": "sensitivities", "progress": 70, "total": 73 }
{ "@timestamp": "2023-10-20T23:31:32.048297", "key": "sensitivities", "progress": 71, "total": 73 }
{ "@timestamp": "2023-10-20T23:31:32.058297", "key": "sensitivities", "progress": 72, "total": 73 }
{ "@timestamp": "2023-10-20T23:31:32.064297", "key": "sensitivities", "progress": 73, "total": 73 }
