{ "@timestamp": "2023-10-20T23:33:24.403026", "key": "sensitivities", "progress": 0, "total": 959 }
{ "@timestamp": "2023-10-20T23:33:24.465026", "key": "sensitivities", "progress": 10, "total": 959 }
{ "@timestamp": "2023-10-20T23:33:24.523027", "key": "sensitivities", "progress": 20, "total": 959 }
{ "@timestamp": "2023-10-20T23:33:24.573029", "key": "sensitivities", "progress": 29, "total": 959 }
{ "@timestamp": "2023-10-20T23:33:24.630029", "key": "sensitivities", "progress": 39, "total": 959 }
{ "@timestamp": "2023-10-20T23:33:24.682029", "key": "sensitivities", "progress": 48, "total": 959 }
{ "@timestamp": "2023-10-20T23:33:24.744028", "key": "sensitivities", "progress": 58, "total": 959 }
{ "@timestamp": "2023-10-20T23:33:24.806030", "key": "sensitivities", "progress": 68, "total": 959 }
{ "@timestamp": "2023-10-20T23:33:24.862030", "key": "sensitivities", "progress": 77, "total": 959 }
{ "@timestamp": "2023-10-20T23:33:24.917030", "key": "sensitivities", "progress": 87, "total": 959 }
{ "@timestamp": "2023-10-20T23:33:24.985031", "key": "sensitivities", "progress": 96, "total": 959 }
{ "@timestamp": "2023-10-20T23:33:25.052032", "key": "sensitivities", "progress": 106, "total": 959 }
{ "@timestamp": "2023-10-20T23:33:25.117034", "key": "sensitivities", "progress": 116, "total": 959 }
{ "@timestamp": "2023-10-20T23:33:25.169033", "key": "sensitivities", "progress": 125, "total": 959 }
{ "@timestamp": "2023-10-20T23:33:25.249033", "key": "sensitivities", "progress": 135, "total": 959 }
{ "@timestamp": "2023-10-20T23:33:25.301035", "key": "sensitivities", "progress": 144, "total": 959 }
{ "@timestamp": "2023-10-20T23:33:25.358035", "key": "sensitivities", "progress": 154, "total": 959 }
{ "@timestamp": "2023-10-20T23:33:25.418036", "key": "sensitivities", "progress": 164, "total": 959 }
{ "@timestamp": "2023-10-20T23:33:25.476036", "key": "sensitivities", "progress": 173, "total": 959 }
{ "@timestamp": "2023-10-20T23:33:25.533039", "key": "sensitivities", "progress": 183, "total": 959 }
{ "@timestamp": "2023-10-20T23:33:25.590038", "key": "sensitivities", "progress": 192, "total": 959 }
{ "@timestamp": "2023-10-20T23:33:25.661038", "key": "sensitivities", "progress": 202, "total": 959 }
{ "@timestamp": "2023-10-20T23:33:25.718039", "key": "sensitivities", "progress": 211, "total": 959 }
{ "@timestamp": "2023-10-20T23:33:25.783039", "key": "sensitivities", "progress": 221, "total": 959 }
{ "@timestamp": "2023-10-20T23:33:25.843041", "key": "sensitivities", "progress": 231, "total": 959 }
{ "@timestamp": "2023-10-20T23:33:25.927043", "key": "sensitivities", "progress": 240, "total": 959 }
{ "@timestamp": "2023-10-20T23:33:25.991042", "key": "sensitivities", "progress": 250, "total": 959 }
{ "@timestamp": "2023-10-20T23:33:26.040041", "key": "sensitivities", "progress": 259, "total": 959 }
{ "@timestamp": "2023-10-20T23:33:26.104043", "key": "sensitivities", "progress": 269, "total": 959 }
{ "@timestamp": "2023-10-20T23:33:26.164043", "key": "sensitivities", "progress": 279, "total": 959 }
{ "@timestamp": "2023-10-20T23:33:26.211044", "key": "sensitivities", "progress": 288, "total": 959 }
{ "@timestamp": "2023-10-20T23:33:26.267044", "key": "sensitivities", "progress": 298, "total": 959 }
{ "@timestamp": "2023-10-20T23:33:26.312045", "key": "sensitivities", "progress": 307, "total": 959 }
{ "@timestamp": "2023-10-20T23:33:26.364047", "key": "sensitivities", "progress": 317, "total": 959 }
{ "@timestamp": "2023-10-20T23:33:26.416047", "key": "sensitivities", "progress": 327, "total": 959 }
{ "@timestamp": "2023-10-20T23:33:26.462049", "key": "sensitivities", "progress": 336, "total": 959 }
{ "@timestamp": "2023-10-20T23:33:26.512047", "key": "sensitivities", "progress": 346, "total": 959 }
{ "@timestamp": "2023-10-20T23:33:26.559047", "key": "sensitivities", "progress": 355, "total": 959 }
{ "@timestamp": "2023-10-20T23:33:26.617049", "key": "sensitivities", "progress": 365, "total": 959 }
{ "@timestamp": "2023-10-20T23:33:26.672049", "key": "sensitivities", "progress": 375, "total": 959 }
{ "@timestamp": "2023-10-20T23:33:26.720049", "key": "sensitivities", "progress": 384, "total": 959 }
{ "@timestamp": "2023-10-20T23:33:26.775051", "key": "sensitivities", "progress": 394, "total": 959 }
{ "@timestamp": "2023-10-20T23:33:26.824051", "key": "sensitivities", "progress": 403, "total": 959 }
{ "@timestamp": "2023-10-20T23:33:26.883051", "key": "sensitivities", "progress": 413, "total": 959 }
{ "@timestamp": "2023-10-20T23:33:26.935052", "key": "sensitivities", "progress": 422, "total": 959 }
{ "@timestamp": "2023-10-20T23:33:26.989054", "key": "sensitivities", "progress": 432, "total": 959 }
{ "@timestamp": "2023-10-20T23:33:27.045052", "key": "sensitivities", "progress": 442, "total": 959 }
{ "@timestamp": "2023-10-20T23:33:27.097054", "key": "sensitivities", "progress": 451, "total": 959 }
{ "@timestamp": "2023-10-20T23:33:27.150055", "key": "sensitivities", "progress": 461, "total": 959 }
{ "@timestamp": "2023-10-20T23:33:27.198055", "key": "sensitivities", "progress": 470, "total": 959 }
{ "@timestamp": "2023-10-20T23:33:27.254055", "key": "sensitivities", "progress": 480, "total": 959 }
{ "@timestamp": "2023-10-20T23:33:27.305057", "key": "sensitivities", "progress": 490, "total": 959 }
{ "@timestamp": "2023-10-20T23:33:27.350058", "key": "sensitivities", "progress": 499, "total": 959 }
{ "@timestamp": "2023-10-20T23:33:27.404056", "key": "sensitivities", "progress": 509, "total": 959 }
{ "@timestamp": "2023-10-20T23:33:27.454057", "key": "sensitivities", "progress": 518, "total": 959 }
{ "@timestamp": "2023-10-20T23:33:27.507057", "key": "sensitivities", "progress": 528, "total": 959 }
{ "@timestamp": "2023-10-20T23:33:27.560058", "key": "sensitivities", "progress": 538, "total": 959 }
{ "@timestamp": "2023-10-20T23:33:27.608059", "key": "sensitivities", "progress": 547, "total": 959 }
{ "@timestamp": "2023-10-20T23:33:27.661059", "key": "sensitivities", "progress": 557, "total": 959 }
{ "@timestamp": "2023-10-20T23:33:27.706059", "key": "sensitivities", "progress": 566, "total": 959 }
{ "@timestamp": "2023-10-20T23:33:27.757062", "key": "sensitivities", "progress": 576, "total": 959 }
{ "@timestamp": "2023-10-20T23:33:27.803060", "key": "sensitivities", "progress": 585, "total": 959 }
{ "@timestamp": "2023-10-20T23:33:27.860061", "key": "sensitivities", "progress": 595, "total": 959 }
{ "@timestamp": "2023-10-20T23:33:27.917062", "key": "sensitivities", "progress": 605, "total": 959 }
{ "@timestamp": "2023-10-20T23:33:27.978062", "key": "sensitivities", "progress": 614, "total": 959 }
{ "@timestamp": "2023-10-20T23:33:28.036063", "key": "sensitivities", "progress": 624, "total": 959 }
{ "@timestamp": "2023-10-20T23:33:28.105064", "key": "sensitivities", "progress": 633, "total": 959 }
{ "@timestamp": "2023-10-20T23:33:28.168065", "key": "sensitivities", "progress": 643, "total": 959 }
{ "@timestamp": "2023-10-20T23:33:28.235065", "key": "sensitivities", "progress": 653, "total": 959 }
{ "@timestamp": "2023-10-20T23:33:28.286066", "key": "sensitivities", "progress": 662, "total": 959 }
{ "@timestamp": "2023-10-20T23:33:28.341067", "key": "sensitivities", "progress": 672, "total": 959 }
{ "@timestamp": "2023-10-20T23:33:28.401069", "key": "sensitivities", "progress": 681, "total": 959 }
{ "@timestamp": "2023-10-20T23:33:28.459068", "key": "sensitivities", "progress": 691, "total": 959 }
{ "@timestamp": "2023-10-20T23:33:28.512069", "key": "sensitivities", "progress": 701, "total": 959 }
{ "@timestamp": "2023-10-20T23:33:28.562069", "key": "sensitivities", "progress": 710, "total": 959 }
{ "@timestamp": "2023-10-20T23:33:28.618070", "key": "sensitivities", "progress": 720, "total": 959 }
{ "@timestamp": "2023-10-20T23:33:28.666071", "key": "sensitivities", "progress": 729, "total": 959 }
{ "@timestamp": "2023-10-20T23:33:28.721072", "key": "sensitivities", "progress": 739, "total": 959 }
{ "@timestamp": "2023-10-20T23:33:28.774072", "key": "sensitivities", "progress": 749, "total": 959 }
{ "@timestamp": "2023-10-20T23:33:28.828073", "key": "sensitivities", "progress": 758, "total": 959 }
{ "@timestamp": "2023-10-20T23:33:28.896074", "key": "sensitivities", "progress": 768, "total": 959 }
{ "@timestamp": "2023-10-20T23:33:29.002124", "key": "sensitivities", "progress": 777, "total": 959 }
{ "@timestamp": "2023-10-20T23:33:29.060125", "key": "sensitivities", "progress": 787, "total": 959 }
{ "@timestamp": "2023-10-20T23:33:29.120125", "key": "sensitivities", "progress": 796, "total": 959 }
{ "@timestamp": "2023-10-20T23:33:29.175126", "key": "sensitivities", "progress": 806, "total": 959 }
{ "@timestamp": "2023-10-20T23:33:29.246126", "key": "sensitivities", "progress": 816, "total": 959 }
{ "@timestamp": "2023-10-20T23:33:29.302127", "key": "sensitivities", "progress": 825, "total": 959 }
{ "@timestamp": "2023-10-20T23:33:29.370127", "key": "sensitivities", "progress": 835, "total": 959 }
{ "@timestamp": "2023-10-20T23:33:29.416128", "key": "sensitivities", "progress": 844, "total": 959 }
{ "@timestamp": "2023-10-20T23:33:29.471128", "key": "sensitivities", "progress": 854, "total": 959 }
{ "@timestamp": "2023-10-20T23:33:29.536129", "key": "sensitivities", "progress": 864, "total": 959 }
{ "@timestamp": "2023-10-20T23:33:29.583129", "key": "sensitivities", "progress": 873, "total": 959 }
{ "@timestamp": "2023-10-20T23:33:29.635131", "key": "sensitivities", "progress": 883, "total": 959 }
{ "@timestamp": "2023-10-20T23:33:29.686130", "key": "sensitivities", "progress": 892, "total": 959 }
{ "@timestamp": "2023-10-20T23:33:29.748131", "key": "sensitivities", "progress": 902, "total": 959 }
{ "@timestamp": "2023-10-20T23:33:29.802132", "key": "sensitivities", "progress": 912, "total": 959 }
{ "@timestamp": "2023-10-20T23:33:29.851133", "key": "sensitivities", "progress": 921, "total": 959 }
{ "@timestamp": "2023-10-20T23:33:29.906133", "key": "sensitivities", "progress": 931, "total": 959 }
{ "@timestamp": "2023-10-20T23:33:29.954135", "key": "sensitivities", "progress": 940, "total": 959 }
{ "@timestamp": "2023-10-20T23:33:30.008135", "key": "sensitivities", "progress": 950, "total": 959 }
{ "@timestamp": "2023-10-20T23:33:30.053136", "key": "sensitivities", "progress": 959, "total": 959 }
