{ "@timestamp": "2023-10-20T23:35:55.064007", "key": "sensitivities", "progress": 0, "total": 175 }
{ "@timestamp": "2023-10-20T23:35:55.072006", "key": "sensitivities", "progress": 2, "total": 175 }
{ "@timestamp": "2023-10-20T23:35:55.081007", "key": "sensitivities", "progress": 4, "total": 175 }
{ "@timestamp": "2023-10-20T23:35:55.089008", "key": "sensitivities", "progress": 6, "total": 175 }
{ "@timestamp": "2023-10-20T23:35:55.096007", "key": "sensitivities", "progress": 7, "total": 175 }
{ "@timestamp": "2023-10-20T23:35:55.104008", "key": "sensitivities", "progress": 9, "total": 175 }
{ "@timestamp": "2023-10-20T23:35:55.111007", "key": "sensitivities", "progress": 11, "total": 175 }
{ "@timestamp": "2023-10-20T23:35:55.119007", "key": "sensitivities", "progress": 13, "total": 175 }
{ "@timestamp": "2023-10-20T23:35:55.125006", "key": "sensitivities", "progress": 14, "total": 175 }
{ "@timestamp": "2023-10-20T23:35:55.132007", "key": "sensitivities", "progress": 16, "total": 175 }
{ "@timestamp": "2023-10-20T23:35:55.139007", "key": "sensitivities", "progress": 18, "total": 175 }
{ "@timestamp": "2023-10-20T23:35:55.148006", "key": "sensitivities", "progress": 20, "total": 175 }
{ "@timestamp": "2023-10-20T23:35:55.153006", "key": "sensitivities", "progress": 21, "total": 175 }
{ "@timestamp": "2023-10-20T23:35:55.160009", "key": "sensitivities", "progress": 23, "total": 175 }
{ "@timestamp": "2023-10-20T23:35:55.167008", "key": "sensitivities", "progress": 25, "total": 175 }
{ "@timestamp": "2023-10-20T23:35:55.174007", "key": "sensitivities", "progress": 27, "total": 175 }
{ "@timestamp": "2023-10-20T23:35:55.179007", "key": "sensitivities", "progress": 28, "total": 175 }
{ "@timestamp": "2023-10-20T23:35:55.187008", "key": "sensitivities", "progress": 30, "total": 175 }
{ "@timestamp": "2023-10-20T23:35:55.194007", "key": "sensitivities", "progress": 32, "total": 175 }
{ "@timestamp": "2023-10-20T23:35:55.202007", "key": "sensitivities", "progress": 34, "total": 175 }
{ "@timestamp": "2023-10-20T23:35:55.208008", "key": "sensitivities", "progress": 35, "total": 175 }
{ "@timestamp": "2023-10-20T23:35:55.215008", "key": "sensitivities", "progress": 37, "total": 175 }
{ "@timestamp": "2023-10-20T23:35:55.221008", "key": "sensitivities", "progress": 39, "total": 175 }
{ "@timestamp": "2023-10-20T23:35:55.228008", "key": "sensitivities", "progress": 41, "total": 175 }
{ "@timestamp": "2023-10-20T23:35:55.233008", "key": "sensitivities", "progress": 42, "total": 175 }
{ "@timestamp": "2023-10-20T23:35:55.240010", "key": "sensitivities", "progress": 44, "total": 175 }
{ "@timestamp": "2023-10-20T23:35:55.247009", "key": "sensitivities", "progress": 46, "total": 175 }
{ "@timestamp": "2023-10-20T23:35:55.254008", "key": "sensitivities", "progress": 48, "total": 175 }
{ "@timestamp": "2023-10-20T23:35:55.259007", "key": "sensitivities", "progress": 49, "total": 175 }
{ "@timestamp": "2023-10-20T23:35:55.265008", "key": "sensitivities", "progress": 51, "total": 175 }
{ "@timestamp": "2023-10-20T23:35:55.272009", "key": "sensitivities", "progress": 53, "total": 175 }
{ "@timestamp": "2023-10-20T23:35:55.279009", "key": "sensitivities", "progress": 55, "total": 175 }
{ "@timestamp": "2023-10-20T23:35:55.284008", "key": "sensitivities", "progress": 56, "total": 175 }
{ "@timestamp": "2023-10-20T23:35:55.291008", "key": "sensitivities", "progress": 58, "total": 175 }
{ "@timestamp": "2023-10-20T23:35:55.297009", "key": "sensitivities", "progress": 60, "total": 175 }
{ "@timestamp": "2023-10-20T23:35:55.305008", "key": "sensitivities", "progress": 62, "total": 175 }
{ "@timestamp": "2023-10-20T23:35:55.310008", "key": "sensitivities", "progress": 63, "total": 175 }
{ "@timestamp": "2023-10-20T23:35:55.316009", "key": "sensitivities", "progress": 65, "total": 175 }
{ "@timestamp": "2023-10-20T23:35:55.323009", "key": "sensitivities", "progress": 67, "total": 175 }
{ "@timestamp": "2023-10-20T23:35:55.329011", "key": "sensitivities", "progress": 69, "total": 175 }
{ "@timestamp": "2023-10-20T23:35:55.335009", "key": "sensitivities", "progress": 70, "total": 175 }
{ "@timestamp": "2023-10-20T23:35:55.342008", "key": "sensitivities", "progress": 72, "total": 175 }
{ "@timestamp": "2023-10-20T23:35:55.348010", "key": "sensitivities", "progress": 74, "total": 175 }
{ "@timestamp": "2023-10-20T23:35:55.355009", "key": "sensitivities", "progress": 76, "total": 175 }
{ "@timestamp": "2023-10-20T23:35:55.359010", "key": "sensitivities", "progress": 77, "total": 175 }
{ "@timestamp": "2023-10-20T23:35:55.366009", "key": "sensitivities", "progress": 79, "total": 175 }
{ "@timestamp": "2023-10-20T23:35:55.372009", "key": "sensitivities", "progress": 81, "total": 175 }
{ "@timestamp": "2023-10-20T23:35:55.379010", "key": "sensitivities", "progress": 83, "total": 175 }
{ "@timestamp": "2023-10-20T23:35:55.384010", "key": "sensitivities", "progress": 84, "total": 175 }
{ "@timestamp": "2023-10-20T23:35:55.390009", "key": "sensitivities", "progress": 86, "total": 175 }
{ "@timestamp": "2023-10-20T23:35:55.399009", "key": "sensitivities", "progress": 88, "total": 175 }
{ "@timestamp": "2023-10-20T23:35:55.406011", "key": "sensitivities", "progress": 90, "total": 175 }
{ "@timestamp": "2023-10-20T23:35:55.411010", "key": "sensitivities", "progress": 91, "total": 175 }
{ "@timestamp": "2023-10-20T23:35:55.419010", "key": "sensitivities", "progress": 93, "total": 175 }
{ "@timestamp": "2023-10-20T23:35:55.427010", "key": "sensitivities", "progress": 95, "total": 175 }
{ "@timestamp": "2023-10-20T23:35:55.433010", "key": "sensitivities", "progress": 97, "total": 175 }
{ "@timestamp": "2023-10-20T23:35:55.438010", "key": "sensitivities", "progress": 98, "total": 175 }
{ "@timestamp": "2023-10-20T23:35:55.445012", "key": "sensitivities", "progress": 100, "total": 175 }
{ "@timestamp": "2023-10-20T23:35:55.452010", "key": "sensitivities", "progress": 102, "total": 175 }
{ "@timestamp": "2023-10-20T23:35:55.459013", "key": "sensitivities", "progress": 104, "total": 175 }
{ "@timestamp": "2023-10-20T23:35:55.464010", "key": "sensitivities", "progress": 105, "total": 175 }
{ "@timestamp": "2023-10-20T23:35:55.472010", "key": "sensitivities", "progress": 107, "total": 175 }
{ "@timestamp": "2023-10-20T23:35:55.480011", "key": "sensitivities", "progress": 109, "total": 175 }
{ "@timestamp": "2023-10-20T23:35:55.488012", "key": "sensitivities", "progress": 111, "total": 175 }
{ "@timestamp": "2023-10-20T23:35:55.494013", "key": "sensitivities", "progress": 112, "total": 175 }
{ "@timestamp": "2023-10-20T23:35:55.501011", "key": "sensitivities", "progress": 114, "total": 175 }
{ "@timestamp": "2023-10-20T23:35:55.510012", "key": "sensitivities", "progress": 116, "total": 175 }
{ "@timestamp": "2023-10-20T23:35:55.518010", "key": "sensitivities", "progress": 118, "total": 175 }
{ "@timestamp": "2023-10-20T23:35:55.524012", "key": "sensitivities", "progress": 119, "total": 175 }
{ "@timestamp": "2023-10-20T23:35:55.532012", "key": "sensitivities", "progress": 121, "total": 175 }
{ "@timestamp": "2023-10-20T23:35:55.541012", "key": "sensitivities", "progress": 123, "total": 175 }
{ "@timestamp": "2023-10-20T23:35:55.548014", "key": "sensitivities", "progress": 125, "total": 175 }
{ "@timestamp": "2023-10-20T23:35:55.554012", "key": "sensitivities", "progress": 126, "total": 175 }
{ "@timestamp": "2023-10-20T23:35:55.562012", "key": "sensitivities", "progress": 128, "total": 175 }
{ "@timestamp": "2023-10-20T23:35:55.569012", "key": "sensitivities", "progress": 130, "total": 175 }
{ "@timestamp": "2023-10-20T23:35:55.578012", "key": "sensitivities", "progress": 132, "total": 175 }
{ "@timestamp": "2023-10-20T23:35:55.584015", "key": "sensitivities", "progress": 133, "total": 175 }
{ "@timestamp": "2023-10-20T23:35:55.592013", "key": "sensitivities", "progress": 135, "total": 175 }
{ "@timestamp": "2023-10-20T23:35:55.600013", "key": "sensitivities", "progress": 137, "total": 175 }
{ "@timestamp": "2023-10-20T23:35:55.607012", "key": "sensitivities", "progress": 139, "total": 175 }
{ "@timestamp": "2023-10-20T23:35:55.612012", "key": "sensitivities", "progress": 140, "total": 175 }
{ "@timestamp": "2023-10-20T23:35:55.619012", "key": "sensitivities", "progress": 142, "total": 175 }
{ "@timestamp": "2023-10-20T23:35:55.627013", "key": "sensitivities", "progress": 144, "total": 175 }
{ "@timestamp": "2023-10-20T23:35:55.635014", "key": "sensitivities", "progress": 146, "total": 175 }
{ "@timestamp": "2023-10-20T23:35:55.641017", "key": "sensitivities", "progress": 147, "total": 175 }
{ "@timestamp": "2023-10-20T23:35:55.651013", "key": "sensitivities", "progress": 149, "total": 175 }
{ "@timestamp": "2023-10-20T23:35:55.658018", "key": "sensitivities", "progress": 151, "total": 175 }
{ "@timestamp": "2023-10-20T23:35:55.667017", "key": "sensitivities", "progress": 153, "total": 175 }
{ "@timestamp": "2023-10-20T23:35:55.673014", "key": "sensitivities", "progress": 154, "total": 175 }
{ "@timestamp": "2023-10-20T23:35:55.679017", "key": "sensitivities", "progress": 156, "total": 175 }
{ "@timestamp": "2023-10-20T23:35:55.689018", "key": "sensitivities", "progress": 158, "total": 175 }
{ "@timestamp": "2023-10-20T23:35:55.698022", "key": "sensitivities", "progress": 160, "total": 175 }
{ "@timestamp": "2023-10-20T23:35:55.704014", "key": "sensitivities", "progress": 161, "total": 175 }
{ "@timestamp": "2023-10-20T23:35:55.713013", "key": "sensitivities", "progress": 163, "total": 175 }
{ "@timestamp": "2023-10-20T23:35:55.721019", "key": "sensitivities", "progress": 165, "total": 175 }
{ "@timestamp": "2023-10-20T23:35:55.730013", "key": "sensitivities", "progress": 167, "total": 175 }
{ "@timestamp": "2023-10-20T23:35:55.735013", "key": "sensitivities", "progress": 168, "total": 175 }
{ "@timestamp": "2023-10-20T23:35:55.743014", "key": "sensitivities", "progress": 170, "total": 175 }
{ "@timestamp": "2023-10-20T23:35:55.750014", "key": "sensitivities", "progress": 172, "total": 175 }
{ "@timestamp": "2023-10-20T23:35:55.760014", "key": "sensitivities", "progress": 174, "total": 175 }
{ "@timestamp": "2023-10-20T23:35:55.763013", "key": "sensitivities", "progress": 175, "total": 175 }
