{ "@timestamp": "2023-10-20T23:28:48.516328", "key": "Running XVA Analytic", "progress": 0, "total": 1 }
{ "@timestamp": "2023-10-20T23:28:48.518328", "key": "XVA: Build Today's Market", "progress": 0, "total": 1 }
{ "@timestamp": "2023-10-20T23:28:49.053335", "key": "XVA: Build Today's Market", "progress": 1, "total": 1 }
{ "@timestamp": "2023-10-20T23:28:50.343350", "key": "XVA: Build Portfolio", "progress": 0, "total": 1 }
{ "@timestamp": "2023-10-20T23:28:50.345349", "key": "XVA: Build Portfolio", "progress": 1, "total": 1 }
{ "@timestamp": "2023-10-20T23:28:50.351349", "key": "XVA: Building cube", "progress": 0, "total": 50 }
{ "@timestamp": "2023-10-20T23:28:54.391436", "key": "XVA: Building cube", "progress": 1, "total": 50 }
{ "@timestamp": "2023-10-20T23:28:54.574437", "key": "XVA: Building cube", "progress": 2, "total": 50 }
{ "@timestamp": "2023-10-20T23:28:54.750440", "key": "XVA: Building cube", "progress": 3, "total": 50 }
{ "@timestamp": "2023-10-20T23:28:54.910442", "key": "XVA: Building cube", "progress": 4, "total": 50 }
{ "@timestamp": "2023-10-20T23:28:55.089447", "key": "XVA: Building cube", "progress": 5, "total": 50 }
{ "@timestamp": "2023-10-20T23:28:55.308447", "key": "XVA: Building cube", "progress": 6, "total": 50 }
{ "@timestamp": "2023-10-20T23:28:55.512450", "key": "XVA: Building cube", "progress": 7, "total": 50 }
{ "@timestamp": "2023-10-20T23:28:55.692452", "key": "XVA: Building cube", "progress": 8, "total": 50 }
{ "@timestamp": "2023-10-20T23:28:55.895453", "key": "XVA: Building cube", "progress": 9, "total": 50 }
{ "@timestamp": "2023-10-20T23:28:56.096456", "key": "XVA: Building cube", "progress": 10, "total": 50 }
{ "@timestamp": "2023-10-20T23:28:56.280459", "key": "XVA: Building cube", "progress": 11, "total": 50 }
{ "@timestamp": "2023-10-20T23:28:56.464461", "key": "XVA: Building cube", "progress": 12, "total": 50 }
{ "@timestamp": "2023-10-20T23:28:56.637463", "key": "XVA: Building cube", "progress": 13, "total": 50 }
{ "@timestamp": "2023-10-20T23:28:56.797465", "key": "XVA: Building cube", "progress": 14, "total": 50 }
{ "@timestamp": "2023-10-20T23:28:56.976467", "key": "XVA: Building cube", "progress": 15, "total": 50 }
{ "@timestamp": "2023-10-20T23:28:57.172471", "key": "XVA: Building cube", "progress": 16, "total": 50 }
{ "@timestamp": "2023-10-20T23:28:57.366473", "key": "XVA: Building cube", "progress": 17, "total": 50 }
{ "@timestamp": "2023-10-20T23:28:57.543474", "key": "XVA: Building cube", "progress": 18, "total": 50 }
{ "@timestamp": "2023-10-20T23:28:57.714476", "key": "XVA: Building cube", "progress": 19, "total": 50 }
{ "@timestamp": "2023-10-20T23:28:57.909479", "key": "XVA: Building cube", "progress": 20, "total": 50 }
{ "@timestamp": "2023-10-20T23:28:58.106482", "key": "XVA: Building cube", "progress": 21, "total": 50 }
{ "@timestamp": "2023-10-20T23:28:58.290482", "key": "XVA: Building cube", "progress": 22, "total": 50 }
{ "@timestamp": "2023-10-20T23:28:58.456486", "key": "XVA: Building cube", "progress": 23, "total": 50 }
{ "@timestamp": "2023-10-20T23:28:58.620487", "key": "XVA: Building cube", "progress": 24, "total": 50 }
{ "@timestamp": "2023-10-20T23:28:58.786490", "key": "XVA: Building cube", "progress": 25, "total": 50 }
{ "@timestamp": "2023-10-20T23:28:58.959491", "key": "XVA: Building cube", "progress": 26, "total": 50 }
{ "@timestamp": "2023-10-20T23:28:59.128494", "key": "XVA: Building cube", "progress": 27, "total": 50 }
{ "@timestamp": "2023-10-20T23:28:59.309497", "key": "XVA: Building cube", "progress": 28, "total": 50 }
{ "@timestamp": "2023-10-20T23:28:59.491498", "key": "XVA: Building cube", "progress": 29, "total": 50 }
{ "@timestamp": "2023-10-20T23:28:59.651503", "key": "XVA: Building cube", "progress": 30, "total": 50 }
{ "@timestamp": "2023-10-20T23:28:59.816502", "key": "XVA: Building cube", "progress": 31, "total": 50 }
{ "@timestamp": "2023-10-20T23:28:59.983504", "key": "XVA: Building cube", "progress": 32, "total": 50 }
{ "@timestamp": "2023-10-20T23:29:00.158507", "key": "XVA: Building cube", "progress": 33, "total": 50 }
{ "@timestamp": "2023-10-20T23:29:00.348509", "key": "XVA: Building cube", "progress": 34, "total": 50 }
{ "@timestamp": "2023-10-20T23:29:00.512511", "key": "XVA: Building cube", "progress": 35, "total": 50 }
{ "@timestamp": "2023-10-20T23:29:00.688514", "key": "XVA: Building cube", "progress": 36, "total": 50 }
{ "@timestamp": "2023-10-20T23:29:00.858516", "key": "XVA: Building cube", "progress": 37, "total": 50 }
{ "@timestamp": "2023-10-20T23:29:01.020519", "key": "XVA: Building cube", "progress": 38, "total": 50 }
{ "@timestamp": "2023-10-20T23:29:01.188519", "key": "XVA: Building cube", "progress": 39, "total": 50 }
{ "@timestamp": "2023-10-20T23:29:01.366521", "key": "XVA: Building cube", "progress": 40, "total": 50 }
{ "@timestamp": "2023-10-20T23:29:01.532524", "key": "XVA: Building cube", "progress": 41, "total": 50 }
{ "@timestamp": "2023-10-20T23:29:01.704527", "key": "XVA: Building cube", "progress": 42, "total": 50 }
{ "@timestamp": "2023-10-20T23:29:01.891527", "key": "XVA: Building cube", "progress": 43, "total": 50 }
{ "@timestamp": "2023-10-20T23:29:02.094531", "key": "XVA: Building cube", "progress": 44, "total": 50 }
{ "@timestamp": "2023-10-20T23:29:02.248532", "key": "XVA: Building cube", "progress": 45, "total": 50 }
{ "@timestamp": "2023-10-20T23:29:02.413535", "key": "XVA: Building cube", "progress": 46, "total": 50 }
{ "@timestamp": "2023-10-20T23:29:02.616538", "key": "XVA: Building cube", "progress": 47, "total": 50 }
{ "@timestamp": "2023-10-20T23:29:02.816539", "key": "XVA: Building cube", "progress": 48, "total": 50 }
{ "@timestamp": "2023-10-20T23:29:03.068542", "key": "XVA: Building cube", "progress": 49, "total": 50 }
{ "@timestamp": "2023-10-20T23:29:03.256544", "key": "XVA: Building cube", "progress": 50, "total": 50 }
{ "@timestamp": "2023-10-20T23:29:03.322546", "key": "XVA: Aggregation", "progress": 0, "total": 1 }
{ "@timestamp": "2023-10-20T23:29:03.792552", "key": "XVA: Aggregation", "progress": 1, "total": 1 }
{ "@timestamp": "2023-10-20T23:29:03.792552", "key": "XVA: Reports", "progress": 0, "total": 1 }
{ "@timestamp": "2023-10-20T23:29:03.820551", "key": "XVA: Reports", "progress": 1, "total": 1 }
{ "@timestamp": "2023-10-20T23:29:03.820551", "key": "Running XVA Analytic", "progress": 1, "total": 1 }
