{ "@timestamp": "2023-10-20T23:28:37.130577", "key": "Running XVA Analytic", "progress": 0, "total": 1 }
{ "@timestamp": "2023-10-20T23:28:37.134576", "key": "XVA: Build Today's Market", "progress": 0, "total": 1 }
{ "@timestamp": "2023-10-20T23:28:37.201577", "key": "XVA: Build Today's Market", "progress": 1, "total": 1 }
{ "@timestamp": "2023-10-20T23:28:38.214633", "key": "XVA: Build Portfolio", "progress": 0, "total": 1 }
{ "@timestamp": "2023-10-20T23:28:38.307635", "key": "XVA: Build Portfolio", "progress": 1, "total": 1 }
{ "@timestamp": "2023-10-20T23:28:38.470946", "key": "XVA: Building cube", "progress": 0, "total": 50 }
{ "@timestamp": "2023-10-20T23:28:38.667948", "key": "XVA: Building cube", "progress": 1, "total": 50 }
{ "@timestamp": "2023-10-20T23:28:38.695948", "key": "XVA: Building cube", "progress": 2, "total": 50 }
{ "@timestamp": "2023-10-20T23:28:38.720949", "key": "XVA: Building cube", "progress": 3, "total": 50 }
{ "@timestamp": "2023-10-20T23:28:38.746949", "key": "XVA: Building cube", "progress": 4, "total": 50 }
{ "@timestamp": "2023-10-20T23:28:38.777948", "key": "XVA: Building cube", "progress": 5, "total": 50 }
{ "@timestamp": "2023-10-20T23:28:38.798949", "key": "XVA: Building cube", "progress": 6, "total": 50 }
{ "@timestamp": "2023-10-20T23:28:38.827949", "key": "XVA: Building cube", "progress": 7, "total": 50 }
{ "@timestamp": "2023-10-20T23:28:38.856950", "key": "XVA: Building cube", "progress": 8, "total": 50 }
{ "@timestamp": "2023-10-20T23:28:38.879950", "key": "XVA: Building cube", "progress": 9, "total": 50 }
{ "@timestamp": "2023-10-20T23:28:38.902951", "key": "XVA: Building cube", "progress": 10, "total": 50 }
{ "@timestamp": "2023-10-20T23:28:38.931953", "key": "XVA: Building cube", "progress": 11, "total": 50 }
{ "@timestamp": "2023-10-20T23:28:38.961952", "key": "XVA: Building cube", "progress": 12, "total": 50 }
{ "@timestamp": "2023-10-20T23:28:38.995952", "key": "XVA: Building cube", "progress": 13, "total": 50 }
{ "@timestamp": "2023-10-20T23:28:39.032954", "key": "XVA: Building cube", "progress": 14, "total": 50 }
{ "@timestamp": "2023-10-20T23:28:39.066953", "key": "XVA: Building cube", "progress": 15, "total": 50 }
{ "@timestamp": "2023-10-20T23:28:39.099953", "key": "XVA: Building cube", "progress": 16, "total": 50 }
{ "@timestamp": "2023-10-20T23:28:39.127953", "key": "XVA: Building cube", "progress": 17, "total": 50 }
{ "@timestamp": "2023-10-20T23:28:39.158954", "key": "XVA: Building cube", "progress": 18, "total": 50 }
{ "@timestamp": "2023-10-20T23:28:39.190954", "key": "XVA: Building cube", "progress": 19, "total": 50 }
{ "@timestamp": "2023-10-20T23:28:39.220953", "key": "XVA: Building cube", "progress": 20, "total": 50 }
{ "@timestamp": "2023-10-20T23:28:39.247956", "key": "XVA: Building cube", "progress": 21, "total": 50 }
{ "@timestamp": "2023-10-20T23:28:39.273956", "key": "XVA: Building cube", "progress": 22, "total": 50 }
{ "@timestamp": "2023-10-20T23:28:39.301956", "key": "XVA: Building cube", "progress": 23, "total": 50 }
{ "@timestamp": "2023-10-20T23:28:39.332956", "key": "XVA: Building cube", "progress": 24, "total": 50 }
{ "@timestamp": "2023-10-20T23:28:39.356956", "key": "XVA: Building cube", "progress": 25, "total": 50 }
{ "@timestamp": "2023-10-20T23:28:39.382959", "key": "XVA: Building cube", "progress": 26, "total": 50 }
{ "@timestamp": "2023-10-20T23:28:39.412956", "key": "XVA: Building cube", "progress": 27, "total": 50 }
{ "@timestamp": "2023-10-20T23:28:39.445958", "key": "XVA: Building cube", "progress": 28, "total": 50 }
{ "@timestamp": "2023-10-20T23:28:39.473957", "key": "XVA: Building cube", "progress": 29, "total": 50 }
{ "@timestamp": "2023-10-20T23:28:39.499959", "key": "XVA: Building cube", "progress": 30, "total": 50 }
{ "@timestamp": "2023-10-20T23:28:39.527958", "key": "XVA: Building cube", "progress": 31, "total": 50 }
{ "@timestamp": "2023-10-20T23:28:39.554958", "key": "XVA: Building cube", "progress": 32, "total": 50 }
{ "@timestamp": "2023-10-20T23:28:39.582960", "key": "XVA: Building cube", "progress": 33, "total": 50 }
{ "@timestamp": "2023-10-20T23:28:39.607959", "key": "XVA: Building cube", "progress": 34, "total": 50 }
{ "@timestamp": "2023-10-20T23:28:39.634959", "key": "XVA: Building cube", "progress": 35, "total": 50 }
{ "@timestamp": "2023-10-20T23:28:39.661960", "key": "XVA: Building cube", "progress": 36, "total": 50 }
{ "@timestamp": "2023-10-20T23:28:39.689960", "key": "XVA: Building cube", "progress": 37, "total": 50 }
{ "@timestamp": "2023-10-20T23:28:39.722963", "key": "XVA: Building cube", "progress": 38, "total": 50 }
{ "@timestamp": "2023-10-20T23:28:39.755961", "key": "XVA: Building cube", "progress": 39, "total": 50 }
{ "@timestamp": "2023-10-20T23:28:39.788962", "key": "XVA: Building cube", "progress": 40, "total": 50 }
{ "@timestamp": "2023-10-20T23:28:39.815963", "key": "XVA: Building cube", "progress": 41, "total": 50 }
{ "@timestamp": "2023-10-20T23:28:39.847962", "key": "XVA: Building cube", "progress": 42, "total": 50 }
{ "@timestamp": "2023-10-20T23:28:39.874962", "key": "XVA: Building cube", "progress": 43, "total": 50 }
{ "@timestamp": "2023-10-20T23:28:39.905964", "key": "XVA: Building cube", "progress": 44, "total": 50 }
{ "@timestamp": "2023-10-20T23:28:39.935964", "key": "XVA: Building cube", "progress": 45, "total": 50 }
{ "@timestamp": "2023-10-20T23:28:39.966965", "key": "XVA: Building cube", "progress": 46, "total": 50 }
{ "@timestamp": "2023-10-20T23:28:39.993963", "key": "XVA: Building cube", "progress": 47, "total": 50 }
{ "@timestamp": "2023-10-20T23:28:40.022964", "key": "XVA: Building cube", "progress": 48, "total": 50 }
{ "@timestamp": "2023-10-20T23:28:40.044964", "key": "XVA: Building cube", "progress": 49, "total": 50 }
{ "@timestamp": "2023-10-20T23:28:40.066965", "key": "XVA: Building cube", "progress": 50, "total": 50 }
{ "@timestamp": "2023-10-20T23:28:40.094965", "key": "XVA: Aggregation", "progress": 0, "total": 1 }
{ "@timestamp": "2023-10-20T23:28:57.410473", "key": "XVA: Aggregation", "progress": 1, "total": 1 }
{ "@timestamp": "2023-10-20T23:28:57.412474", "key": "XVA: Reports", "progress": 0, "total": 1 }
{ "@timestamp": "2023-10-20T23:28:57.438473", "key": "XVA: Reports", "progress": 1, "total": 1 }
{ "@timestamp": "2023-10-20T23:28:57.441473", "key": "Running XVA Analytic", "progress": 1, "total": 1 }
