{ "@timestamp": "2023-10-20T23:29:25.856733", "key": "Running XVA Analytic", "progress": 0, "total": 1 }
{ "@timestamp": "2023-10-20T23:29:25.858733", "key": "XVA: Build Today's Market", "progress": 0, "total": 1 }
{ "@timestamp": "2023-10-20T23:29:26.440291", "key": "XVA: Build Today's Market", "progress": 1, "total": 1 }
{ "@timestamp": "2023-10-20T23:29:27.045338", "key": "XVA: Load Cubes", "progress": 0, "total": 1 }
{ "@timestamp": "2023-10-20T23:29:27.051338", "key": "XVA: Load Cubes", "progress": 1, "total": 1 }
{ "@timestamp": "2023-10-20T23:29:27.237343", "key": "XVA: Aggregation", "progress": 0, "total": 1 }
{ "@timestamp": "2023-10-20T23:29:29.258365", "key": "XVA: Aggregation", "progress": 1, "total": 1 }
{ "@timestamp": "2023-10-20T23:29:29.259364", "key": "XVA: Reports", "progress": 0, "total": 1 }
{ "@timestamp": "2023-10-20T23:29:29.306366", "key": "XVA: Reports", "progress": 1, "total": 1 }
{ "@timestamp": "2023-10-20T23:29:29.306366", "key": "Running XVA Analytic", "progress": 1, "total": 1 }
