{ "@timestamp": "2023-10-20T23:32:50.856100", "key": "Running XVA Analytic", "progress": 0, "total": 1 }
{ "@timestamp": "2023-10-20T23:32:50.858099", "key": "XVA: Build Today's Market", "progress": 0, "total": 1 }
{ "@timestamp": "2023-10-20T23:32:51.589108", "key": "XVA: Build Today's Market", "progress": 1, "total": 1 }
{ "@timestamp": "2023-10-20T23:32:53.521129", "key": "XVA: Build Portfolio", "progress": 0, "total": 1 }
{ "@timestamp": "2023-10-20T23:32:53.563129", "key": "XVA: Build Portfolio", "progress": 1, "total": 1 }
{ "@timestamp": "2023-10-20T23:32:53.585129", "key": "XVA: Building cube", "progress": 0, "total": 50 }
{ "@timestamp": "2023-10-20T23:32:55.903193", "key": "XVA: Building cube", "progress": 1, "total": 50 }
{ "@timestamp": "2023-10-20T23:32:56.198196", "key": "XVA: Building cube", "progress": 2, "total": 50 }
{ "@timestamp": "2023-10-20T23:32:56.447198", "key": "XVA: Building cube", "progress": 3, "total": 50 }
{ "@timestamp": "2023-10-20T23:32:56.724203", "key": "XVA: Building cube", "progress": 4, "total": 50 }
{ "@timestamp": "2023-10-20T23:32:57.034205", "key": "XVA: Building cube", "progress": 5, "total": 50 }
{ "@timestamp": "2023-10-20T23:32:57.315208", "key": "XVA: Building cube", "progress": 6, "total": 50 }
{ "@timestamp": "2023-10-20T23:32:57.664212", "key": "XVA: Building cube", "progress": 7, "total": 50 }
{ "@timestamp": "2023-10-20T23:32:57.912214", "key": "XVA: Building cube", "progress": 8, "total": 50 }
{ "@timestamp": "2023-10-20T23:32:58.197217", "key": "XVA: Building cube", "progress": 9, "total": 50 }
{ "@timestamp": "2023-10-20T23:32:58.493221", "key": "XVA: Building cube", "progress": 10, "total": 50 }
{ "@timestamp": "2023-10-20T23:32:58.744223", "key": "XVA: Building cube", "progress": 11, "total": 50 }
{ "@timestamp": "2023-10-20T23:32:59.082227", "key": "XVA: Building cube", "progress": 12, "total": 50 }
{ "@timestamp": "2023-10-20T23:32:59.407233", "key": "XVA: Building cube", "progress": 13, "total": 50 }
{ "@timestamp": "2023-10-20T23:32:59.646231", "key": "XVA: Building cube", "progress": 14, "total": 50 }
{ "@timestamp": "2023-10-20T23:32:59.879236", "key": "XVA: Building cube", "progress": 15, "total": 50 }
{ "@timestamp": "2023-10-20T23:33:00.134242", "key": "XVA: Building cube", "progress": 16, "total": 50 }
{ "@timestamp": "2023-10-20T23:33:00.435241", "key": "XVA: Building cube", "progress": 17, "total": 50 }
{ "@timestamp": "2023-10-20T23:33:00.732245", "key": "XVA: Building cube", "progress": 18, "total": 50 }
{ "@timestamp": "2023-10-20T23:33:01.046248", "key": "XVA: Building cube", "progress": 19, "total": 50 }
{ "@timestamp": "2023-10-20T23:33:01.342251", "key": "XVA: Building cube", "progress": 20, "total": 50 }
{ "@timestamp": "2023-10-20T23:33:01.677255", "key": "XVA: Building cube", "progress": 21, "total": 50 }
{ "@timestamp": "2023-10-20T23:33:02.031260", "key": "XVA: Building cube", "progress": 22, "total": 50 }
{ "@timestamp": "2023-10-20T23:33:02.383263", "key": "XVA: Building cube", "progress": 23, "total": 50 }
{ "@timestamp": "2023-10-20T23:33:02.684266", "key": "XVA: Building cube", "progress": 24, "total": 50 }
{ "@timestamp": "2023-10-20T23:33:03.062270", "key": "XVA: Building cube", "progress": 25, "total": 50 }
{ "@timestamp": "2023-10-20T23:33:03.425274", "key": "XVA: Building cube", "progress": 26, "total": 50 }
{ "@timestamp": "2023-10-20T23:33:03.765277", "key": "XVA: Building cube", "progress": 27, "total": 50 }
{ "@timestamp": "2023-10-20T23:33:04.110280", "key": "XVA: Building cube", "progress": 28, "total": 50 }
{ "@timestamp": "2023-10-20T23:33:04.471284", "key": "XVA: Building cube", "progress": 29, "total": 50 }
{ "@timestamp": "2023-10-20T23:33:04.789288", "key": "XVA: Building cube", "progress": 30, "total": 50 }
{ "@timestamp": "2023-10-20T23:33:05.092291", "key": "XVA: Building cube", "progress": 31, "total": 50 }
{ "@timestamp": "2023-10-20T23:33:05.396293", "key": "XVA: Building cube", "progress": 32, "total": 50 }
{ "@timestamp": "2023-10-20T23:33:05.750299", "key": "XVA: Building cube", "progress": 33, "total": 50 }
{ "@timestamp": "2023-10-20T23:33:06.107304", "key": "XVA: Building cube", "progress": 34, "total": 50 }
{ "@timestamp": "2023-10-20T23:33:06.449310", "key": "XVA: Building cube", "progress": 35, "total": 50 }
{ "@timestamp": "2023-10-20T23:33:06.757310", "key": "XVA: Building cube", "progress": 36, "total": 50 }
{ "@timestamp": "2023-10-20T23:33:07.130314", "key": "XVA: Building cube", "progress": 37, "total": 50 }
{ "@timestamp": "2023-10-20T23:33:07.449317", "key": "XVA: Building cube", "progress": 38, "total": 50 }
{ "@timestamp": "2023-10-20T23:33:07.809321", "key": "XVA: Building cube", "progress": 39, "total": 50 }
{ "@timestamp": "2023-10-20T23:33:08.297326", "key": "XVA: Building cube", "progress": 40, "total": 50 }
{ "@timestamp": "2023-10-20T23:33:08.985334", "key": "XVA: Building cube", "progress": 41, "total": 50 }
{ "@timestamp": "2023-10-20T23:33:09.514339", "key": "XVA: Building cube", "progress": 42, "total": 50 }
{ "@timestamp": "2023-10-20T23:33:10.007345", "key": "XVA: Building cube", "progress": 43, "total": 50 }
{ "@timestamp": "2023-10-20T23:33:10.502349", "key": "XVA: Building cube", "progress": 44, "total": 50 }
{ "@timestamp": "2023-10-20T23:33:10.921353", "key": "XVA: Building cube", "progress": 45, "total": 50 }
{ "@timestamp": "2023-10-20T23:33:11.205357", "key": "XVA: Building cube", "progress": 46, "total": 50 }
{ "@timestamp": "2023-10-20T23:33:11.552363", "key": "XVA: Building cube", "progress": 47, "total": 50 }
{ "@timestamp": "2023-10-20T23:33:11.839363", "key": "XVA: Building cube", "progress": 48, "total": 50 }
{ "@timestamp": "2023-10-20T23:33:12.187368", "key": "XVA: Building cube", "progress": 49, "total": 50 }
{ "@timestamp": "2023-10-20T23:33:12.545371", "key": "XVA: Building cube", "progress": 50, "total": 50 }
{ "@timestamp": "2023-10-20T23:33:12.596372", "key": "XVA: Aggregation", "progress": 0, "total": 1 }
{ "@timestamp": "2023-10-20T23:33:13.163377", "key": "XVA: Aggregation", "progress": 1, "total": 1 }
{ "@timestamp": "2023-10-20T23:33:13.164378", "key": "XVA: Reports", "progress": 0, "total": 1 }
{ "@timestamp": "2023-10-20T23:33:13.183379", "key": "XVA: Reports", "progress": 1, "total": 1 }
{ "@timestamp": "2023-10-20T23:33:13.183379", "key": "Running XVA Analytic", "progress": 1, "total": 1 }
