{ "@timestamp": "2023-10-20T23:28:59.189494", "key": "Running XVA Analytic", "progress": 0, "total": 1 }
{ "@timestamp": "2023-10-20T23:28:59.195497", "key": "XVA: Build Today's Market", "progress": 0, "total": 1 }
{ "@timestamp": "2023-10-20T23:28:59.782502", "key": "XVA: Build Today's Market", "progress": 1, "total": 1 }
{ "@timestamp": "2023-10-20T23:29:01.168519", "key": "XVA: Build Portfolio", "progress": 0, "total": 1 }
{ "@timestamp": "2023-10-20T23:29:01.200520", "key": "XVA: Build Portfolio", "progress": 1, "total": 1 }
{ "@timestamp": "2023-10-20T23:29:01.246520", "key": "XVA: Building cube", "progress": 0, "total": 50 }
{ "@timestamp": "2023-10-20T23:29:05.423570", "key": "XVA: Building cube", "progress": 1, "total": 50 }
{ "@timestamp": "2023-10-20T23:29:05.659575", "key": "XVA: Building cube", "progress": 2, "total": 50 }
{ "@timestamp": "2023-10-20T23:29:05.886578", "key": "XVA: Building cube", "progress": 3, "total": 50 }
{ "@timestamp": "2023-10-20T23:29:06.100580", "key": "XVA: Building cube", "progress": 4, "total": 50 }
{ "@timestamp": "2023-10-20T23:29:06.325582", "key": "XVA: Building cube", "progress": 5, "total": 50 }
{ "@timestamp": "2023-10-20T23:29:06.556443", "key": "XVA: Building cube", "progress": 6, "total": 50 }
{ "@timestamp": "2023-10-20T23:29:06.778497", "key": "XVA: Building cube", "progress": 7, "total": 50 }
{ "@timestamp": "2023-10-20T23:29:06.973500", "key": "XVA: Building cube", "progress": 8, "total": 50 }
{ "@timestamp": "2023-10-20T23:29:07.192502", "key": "XVA: Building cube", "progress": 9, "total": 50 }
{ "@timestamp": "2023-10-20T23:29:07.414506", "key": "XVA: Building cube", "progress": 10, "total": 50 }
{ "@timestamp": "2023-10-20T23:29:07.618508", "key": "XVA: Building cube", "progress": 11, "total": 50 }
{ "@timestamp": "2023-10-20T23:29:07.896513", "key": "XVA: Building cube", "progress": 12, "total": 50 }
{ "@timestamp": "2023-10-20T23:29:08.124514", "key": "XVA: Building cube", "progress": 13, "total": 50 }
{ "@timestamp": "2023-10-20T23:29:08.361517", "key": "XVA: Building cube", "progress": 14, "total": 50 }
{ "@timestamp": "2023-10-20T23:29:08.590520", "key": "XVA: Building cube", "progress": 15, "total": 50 }
{ "@timestamp": "2023-10-20T23:29:08.821522", "key": "XVA: Building cube", "progress": 16, "total": 50 }
{ "@timestamp": "2023-10-20T23:29:09.034526", "key": "XVA: Building cube", "progress": 17, "total": 50 }
{ "@timestamp": "2023-10-20T23:29:09.269528", "key": "XVA: Building cube", "progress": 18, "total": 50 }
{ "@timestamp": "2023-10-20T23:29:09.485531", "key": "XVA: Building cube", "progress": 19, "total": 50 }
{ "@timestamp": "2023-10-20T23:29:09.692533", "key": "XVA: Building cube", "progress": 20, "total": 50 }
{ "@timestamp": "2023-10-20T23:29:09.903535", "key": "XVA: Building cube", "progress": 21, "total": 50 }
{ "@timestamp": "2023-10-20T23:29:10.122539", "key": "XVA: Building cube", "progress": 22, "total": 50 }
{ "@timestamp": "2023-10-20T23:29:10.342541", "key": "XVA: Building cube", "progress": 23, "total": 50 }
{ "@timestamp": "2023-10-20T23:29:10.545543", "key": "XVA: Building cube", "progress": 24, "total": 50 }
{ "@timestamp": "2023-10-20T23:29:10.753547", "key": "XVA: Building cube", "progress": 25, "total": 50 }
{ "@timestamp": "2023-10-20T23:29:10.949549", "key": "XVA: Building cube", "progress": 26, "total": 50 }
{ "@timestamp": "2023-10-20T23:29:11.146551", "key": "XVA: Building cube", "progress": 27, "total": 50 }
{ "@timestamp": "2023-10-20T23:29:11.354554", "key": "XVA: Building cube", "progress": 28, "total": 50 }
{ "@timestamp": "2023-10-20T23:29:11.552558", "key": "XVA: Building cube", "progress": 29, "total": 50 }
{ "@timestamp": "2023-10-20T23:29:11.754560", "key": "XVA: Building cube", "progress": 30, "total": 50 }
{ "@timestamp": "2023-10-20T23:29:11.953561", "key": "XVA: Building cube", "progress": 31, "total": 50 }
{ "@timestamp": "2023-10-20T23:29:12.159565", "key": "XVA: Building cube", "progress": 32, "total": 50 }
{ "@timestamp": "2023-10-20T23:29:12.373566", "key": "XVA: Building cube", "progress": 33, "total": 50 }
{ "@timestamp": "2023-10-20T23:29:12.586570", "key": "XVA: Building cube", "progress": 34, "total": 50 }
{ "@timestamp": "2023-10-20T23:29:12.805573", "key": "XVA: Building cube", "progress": 35, "total": 50 }
{ "@timestamp": "2023-10-20T23:29:13.014575", "key": "XVA: Building cube", "progress": 36, "total": 50 }
{ "@timestamp": "2023-10-20T23:29:13.225577", "key": "XVA: Building cube", "progress": 37, "total": 50 }
{ "@timestamp": "2023-10-20T23:29:13.453580", "key": "XVA: Building cube", "progress": 38, "total": 50 }
{ "@timestamp": "2023-10-20T23:29:13.678583", "key": "XVA: Building cube", "progress": 39, "total": 50 }
{ "@timestamp": "2023-10-20T23:29:13.878584", "key": "XVA: Building cube", "progress": 40, "total": 50 }
{ "@timestamp": "2023-10-20T23:29:14.076587", "key": "XVA: Building cube", "progress": 41, "total": 50 }
{ "@timestamp": "2023-10-20T23:29:14.295591", "key": "XVA: Building cube", "progress": 42, "total": 50 }
{ "@timestamp": "2023-10-20T23:29:14.492596", "key": "XVA: Building cube", "progress": 43, "total": 50 }
{ "@timestamp": "2023-10-20T23:29:14.694594", "key": "XVA: Building cube", "progress": 44, "total": 50 }
{ "@timestamp": "2023-10-20T23:29:14.903597", "key": "XVA: Building cube", "progress": 45, "total": 50 }
{ "@timestamp": "2023-10-20T23:29:15.106600", "key": "XVA: Building cube", "progress": 46, "total": 50 }
{ "@timestamp": "2023-10-20T23:29:15.319602", "key": "XVA: Building cube", "progress": 47, "total": 50 }
{ "@timestamp": "2023-10-20T23:29:15.507605", "key": "XVA: Building cube", "progress": 48, "total": 50 }
{ "@timestamp": "2023-10-20T23:29:15.734608", "key": "XVA: Building cube", "progress": 49, "total": 50 }
{ "@timestamp": "2023-10-20T23:29:15.950611", "key": "XVA: Building cube", "progress": 50, "total": 50 }
{ "@timestamp": "2023-10-20T23:29:16.092613", "key": "XVA: Aggregation", "progress": 0, "total": 1 }
{ "@timestamp": "2023-10-20T23:29:16.354615", "key": "XVA: Aggregation", "progress": 1, "total": 1 }
{ "@timestamp": "2023-10-20T23:29:16.357617", "key": "XVA: Reports", "progress": 0, "total": 1 }
{ "@timestamp": "2023-10-20T23:29:16.415616", "key": "XVA: Reports", "progress": 1, "total": 1 }
{ "@timestamp": "2023-10-20T23:29:16.417616", "key": "Running XVA Analytic", "progress": 1, "total": 1 }
