#TradeId,TradeType,Maturity,MaturityTime,NPV,NpvCurrency,NPV(Base),BaseCurrency,Notional,NotionalCurrency,Notional(Base),NettingSet,CounterParty
SCRIPTED_FX_TARF,FxTaRF,2024-02-20,1.054420,-8364.590817,USD,-8364.590817,USD,1030000.00,USD,1030000.00,CPTY_A,CPTY_A
