{ "@timestamp": "2023-10-20T23:33:53.026409", "key": "sensitivities", "progress": 0, "total": 4189 }
{ "@timestamp": "2023-10-20T23:33:53.684417", "key": "sensitivities", "progress": 42, "total": 4189 }
{ "@timestamp": "2023-10-20T23:33:54.362423", "key": "sensitivities", "progress": 84, "total": 4189 }
{ "@timestamp": "2023-10-20T23:33:54.443425", "key": "sensitivities", "progress": 126, "total": 4189 }
{ "@timestamp": "2023-10-20T23:33:54.507428", "key": "sensitivities", "progress": 168, "total": 4189 }
{ "@timestamp": "2023-10-20T23:33:54.525431", "key": "sensitivities", "progress": 210, "total": 4189 }
{ "@timestamp": "2023-10-20T23:33:54.625427", "key": "sensitivities", "progress": 252, "total": 4189 }
{ "@timestamp": "2023-10-20T23:33:54.765430", "key": "sensitivities", "progress": 294, "total": 4189 }
{ "@timestamp": "2023-10-20T23:33:54.810430", "key": "sensitivities", "progress": 336, "total": 4189 }
{ "@timestamp": "2023-10-20T23:33:54.846430", "key": "sensitivities", "progress": 378, "total": 4189 }
{ "@timestamp": "2023-10-20T23:33:54.905431", "key": "sensitivities", "progress": 419, "total": 4189 }
{ "@timestamp": "2023-10-20T23:33:54.920430", "key": "sensitivities", "progress": 461, "total": 4189 }
{ "@timestamp": "2023-10-20T23:33:54.944430", "key": "sensitivities", "progress": 503, "total": 4189 }
{ "@timestamp": "2023-10-20T23:33:54.963431", "key": "sensitivities", "progress": 545, "total": 4189 }
{ "@timestamp": "2023-10-20T23:33:54.975431", "key": "sensitivities", "progress": 587, "total": 4189 }
{ "@timestamp": "2023-10-20T23:33:54.989430", "key": "sensitivities", "progress": 629, "total": 4189 }
{ "@timestamp": "2023-10-20T23:33:55.012431", "key": "sensitivities", "progress": 671, "total": 4189 }
{ "@timestamp": "2023-10-20T23:33:55.024432", "key": "sensitivities", "progress": 713, "total": 4189 }
{ "@timestamp": "2023-10-20T23:33:55.042431", "key": "sensitivities", "progress": 755, "total": 4189 }
{ "@timestamp": "2023-10-20T23:33:55.069431", "key": "sensitivities", "progress": 796, "total": 4189 }
{ "@timestamp": "2023-10-20T23:33:55.098432", "key": "sensitivities", "progress": 838, "total": 4189 }
{ "@timestamp": "2023-10-20T23:33:55.174432", "key": "sensitivities", "progress": 880, "total": 4189 }
{ "@timestamp": "2023-10-20T23:33:55.246435", "key": "sensitivities", "progress": 922, "total": 4189 }
{ "@timestamp": "2023-10-20T23:33:56.141444", "key": "sensitivities", "progress": 964, "total": 4189 }
{ "@timestamp": "2023-10-20T23:33:57.657458", "key": "sensitivities", "progress": 1006, "total": 4189 }
{ "@timestamp": "2023-10-20T23:33:58.864906", "key": "sensitivities", "progress": 1048, "total": 4189 }
{ "@timestamp": "2023-10-20T23:34:00.722947", "key": "sensitivities", "progress": 1090, "total": 4189 }
{ "@timestamp": "2023-10-20T23:34:02.516009", "key": "sensitivities", "progress": 1132, "total": 4189 }
{ "@timestamp": "2023-10-20T23:34:04.123025", "key": "sensitivities", "progress": 1173, "total": 4189 }
{ "@timestamp": "2023-10-20T23:34:05.798044", "key": "sensitivities", "progress": 1215, "total": 4189 }
{ "@timestamp": "2023-10-20T23:34:07.421060", "key": "sensitivities", "progress": 1257, "total": 4189 }
{ "@timestamp": "2023-10-20T23:34:09.103317", "key": "sensitivities", "progress": 1299, "total": 4189 }
{ "@timestamp": "2023-10-20T23:34:10.673334", "key": "sensitivities", "progress": 1341, "total": 4189 }
{ "@timestamp": "2023-10-20T23:34:12.409876", "key": "sensitivities", "progress": 1383, "total": 4189 }
{ "@timestamp": "2023-10-20T23:34:14.210895", "key": "sensitivities", "progress": 1425, "total": 4189 }
{ "@timestamp": "2023-10-20T23:34:15.953914", "key": "sensitivities", "progress": 1467, "total": 4189 }
{ "@timestamp": "2023-10-20T23:34:17.795933", "key": "sensitivities", "progress": 1509, "total": 4189 }
{ "@timestamp": "2023-10-20T23:34:19.509951", "key": "sensitivities", "progress": 1550, "total": 4189 }
{ "@timestamp": "2023-10-20T23:34:21.036542", "key": "sensitivities", "progress": 1592, "total": 4189 }
{ "@timestamp": "2023-10-20T23:34:22.523077", "key": "sensitivities", "progress": 1634, "total": 4189 }
{ "@timestamp": "2023-10-20T23:34:24.047094", "key": "sensitivities", "progress": 1676, "total": 4189 }
{ "@timestamp": "2023-10-20T23:34:25.550110", "key": "sensitivities", "progress": 1718, "total": 4189 }
{ "@timestamp": "2023-10-20T23:34:27.021125", "key": "sensitivities", "progress": 1760, "total": 4189 }
{ "@timestamp": "2023-10-20T23:34:28.525142", "key": "sensitivities", "progress": 1802, "total": 4189 }
{ "@timestamp": "2023-10-20T23:34:30.042158", "key": "sensitivities", "progress": 1844, "total": 4189 }
{ "@timestamp": "2023-10-20T23:34:31.565175", "key": "sensitivities", "progress": 1886, "total": 4189 }
{ "@timestamp": "2023-10-20T23:34:33.049190", "key": "sensitivities", "progress": 1927, "total": 4189 }
{ "@timestamp": "2023-10-20T23:34:34.596206", "key": "sensitivities", "progress": 1969, "total": 4189 }
{ "@timestamp": "2023-10-20T23:34:36.117224", "key": "sensitivities", "progress": 2011, "total": 4189 }
{ "@timestamp": "2023-10-20T23:34:37.705240", "key": "sensitivities", "progress": 2053, "total": 4189 }
{ "@timestamp": "2023-10-20T23:34:39.262256", "key": "sensitivities", "progress": 2095, "total": 4189 }
{ "@timestamp": "2023-10-20T23:34:40.777273", "key": "sensitivities", "progress": 2137, "total": 4189 }
{ "@timestamp": "2023-10-20T23:34:42.310290", "key": "sensitivities", "progress": 2179, "total": 4189 }
{ "@timestamp": "2023-10-20T23:34:42.419291", "key": "sensitivities", "progress": 2221, "total": 4189 }
{ "@timestamp": "2023-10-20T23:34:42.562292", "key": "sensitivities", "progress": 2263, "total": 4189 }
{ "@timestamp": "2023-10-20T23:34:42.716295", "key": "sensitivities", "progress": 2304, "total": 4189 }
{ "@timestamp": "2023-10-20T23:34:42.806294", "key": "sensitivities", "progress": 2346, "total": 4189 }
{ "@timestamp": "2023-10-20T23:34:42.957299", "key": "sensitivities", "progress": 2388, "total": 4189 }
{ "@timestamp": "2023-10-20T23:34:43.096298", "key": "sensitivities", "progress": 2430, "total": 4189 }
{ "@timestamp": "2023-10-20T23:34:43.244300", "key": "sensitivities", "progress": 2472, "total": 4189 }
{ "@timestamp": "2023-10-20T23:34:43.350301", "key": "sensitivities", "progress": 2514, "total": 4189 }
{ "@timestamp": "2023-10-20T23:34:43.495302", "key": "sensitivities", "progress": 2556, "total": 4189 }
{ "@timestamp": "2023-10-20T23:34:43.658305", "key": "sensitivities", "progress": 2598, "total": 4189 }
{ "@timestamp": "2023-10-20T23:34:43.810305", "key": "sensitivities", "progress": 2640, "total": 4189 }
{ "@timestamp": "2023-10-20T23:34:43.939307", "key": "sensitivities", "progress": 2681, "total": 4189 }
{ "@timestamp": "2023-10-20T23:34:44.089309", "key": "sensitivities", "progress": 2723, "total": 4189 }
{ "@timestamp": "2023-10-20T23:34:44.212311", "key": "sensitivities", "progress": 2765, "total": 4189 }
{ "@timestamp": "2023-10-20T23:34:44.307310", "key": "sensitivities", "progress": 2807, "total": 4189 }
{ "@timestamp": "2023-10-20T23:34:44.429312", "key": "sensitivities", "progress": 2849, "total": 4189 }
{ "@timestamp": "2023-10-20T23:34:44.533313", "key": "sensitivities", "progress": 2891, "total": 4189 }
{ "@timestamp": "2023-10-20T23:34:44.656313", "key": "sensitivities", "progress": 2933, "total": 4189 }
{ "@timestamp": "2023-10-20T23:34:44.770315", "key": "sensitivities", "progress": 2975, "total": 4189 }
{ "@timestamp": "2023-10-20T23:34:44.866316", "key": "sensitivities", "progress": 3017, "total": 4189 }
{ "@timestamp": "2023-10-20T23:34:44.994318", "key": "sensitivities", "progress": 3058, "total": 4189 }
{ "@timestamp": "2023-10-20T23:34:45.050319", "key": "sensitivities", "progress": 3100, "total": 4189 }
{ "@timestamp": "2023-10-20T23:34:45.100319", "key": "sensitivities", "progress": 3142, "total": 4189 }
{ "@timestamp": "2023-10-20T23:34:45.150319", "key": "sensitivities", "progress": 3184, "total": 4189 }
{ "@timestamp": "2023-10-20T23:34:45.214320", "key": "sensitivities", "progress": 3226, "total": 4189 }
{ "@timestamp": "2023-10-20T23:34:45.275321", "key": "sensitivities", "progress": 3268, "total": 4189 }
{ "@timestamp": "2023-10-20T23:34:45.338321", "key": "sensitivities", "progress": 3310, "total": 4189 }
{ "@timestamp": "2023-10-20T23:34:45.394322", "key": "sensitivities", "progress": 3352, "total": 4189 }
{ "@timestamp": "2023-10-20T23:34:45.466322", "key": "sensitivities", "progress": 3394, "total": 4189 }
{ "@timestamp": "2023-10-20T23:34:45.545324", "key": "sensitivities", "progress": 3435, "total": 4189 }
{ "@timestamp": "2023-10-20T23:34:45.624325", "key": "sensitivities", "progress": 3477, "total": 4189 }
{ "@timestamp": "2023-10-20T23:34:45.687325", "key": "sensitivities", "progress": 3519, "total": 4189 }
{ "@timestamp": "2023-10-20T23:34:45.754325", "key": "sensitivities", "progress": 3561, "total": 4189 }
{ "@timestamp": "2023-10-20T23:34:45.814327", "key": "sensitivities", "progress": 3603, "total": 4189 }
{ "@timestamp": "2023-10-20T23:34:45.882328", "key": "sensitivities", "progress": 3645, "total": 4189 }
{ "@timestamp": "2023-10-20T23:34:45.976328", "key": "sensitivities", "progress": 3687, "total": 4189 }
{ "@timestamp": "2023-10-20T23:34:46.044329", "key": "sensitivities", "progress": 3729, "total": 4189 }
{ "@timestamp": "2023-10-20T23:34:46.112329", "key": "sensitivities", "progress": 3771, "total": 4189 }
{ "@timestamp": "2023-10-20T23:34:46.197331", "key": "sensitivities", "progress": 3812, "total": 4189 }
{ "@timestamp": "2023-10-20T23:34:46.268331", "key": "sensitivities", "progress": 3854, "total": 4189 }
{ "@timestamp": "2023-10-20T23:34:46.351333", "key": "sensitivities", "progress": 3896, "total": 4189 }
{ "@timestamp": "2023-10-20T23:34:46.459334", "key": "sensitivities", "progress": 3938, "total": 4189 }
{ "@timestamp": "2023-10-20T23:34:46.570334", "key": "sensitivities", "progress": 3980, "total": 4189 }
{ "@timestamp": "2023-10-20T23:34:46.661336", "key": "sensitivities", "progress": 4022, "total": 4189 }
{ "@timestamp": "2023-10-20T23:34:46.776337", "key": "sensitivities", "progress": 4064, "total": 4189 }
{ "@timestamp": "2023-10-20T23:34:46.880338", "key": "sensitivities", "progress": 4106, "total": 4189 }
{ "@timestamp": "2023-10-20T23:34:46.988340", "key": "sensitivities", "progress": 4148, "total": 4189 }
{ "@timestamp": "2023-10-20T23:34:47.111342", "key": "sensitivities", "progress": 4189, "total": 4189 }
