{ "@timestamp": "2023-10-20T23:29:38.916003", "key": "sensitivities", "progress": 0, "total": 1492 }
{ "@timestamp": "2023-10-20T23:29:39.033006", "key": "sensitivities", "progress": 15, "total": 1492 }
{ "@timestamp": "2023-10-20T23:29:39.143006", "key": "sensitivities", "progress": 30, "total": 1492 }
{ "@timestamp": "2023-10-20T23:29:39.245008", "key": "sensitivities", "progress": 45, "total": 1492 }
{ "@timestamp": "2023-10-20T23:29:39.363009", "key": "sensitivities", "progress": 60, "total": 1492 }
{ "@timestamp": "2023-10-20T23:29:39.472010", "key": "sensitivities", "progress": 75, "total": 1492 }
{ "@timestamp": "2023-10-20T23:29:39.575010", "key": "sensitivities", "progress": 90, "total": 1492 }
{ "@timestamp": "2023-10-20T23:29:39.681012", "key": "sensitivities", "progress": 105, "total": 1492 }
{ "@timestamp": "2023-10-20T23:29:39.801015", "key": "sensitivities", "progress": 120, "total": 1492 }
{ "@timestamp": "2023-10-20T23:29:39.908014", "key": "sensitivities", "progress": 135, "total": 1492 }
{ "@timestamp": "2023-10-20T23:29:40.020017", "key": "sensitivities", "progress": 150, "total": 1492 }
{ "@timestamp": "2023-10-20T23:29:40.153018", "key": "sensitivities", "progress": 165, "total": 1492 }
{ "@timestamp": "2023-10-20T23:29:40.260021", "key": "sensitivities", "progress": 180, "total": 1492 }
{ "@timestamp": "2023-10-20T23:29:40.361020", "key": "sensitivities", "progress": 194, "total": 1492 }
{ "@timestamp": "2023-10-20T23:29:40.462023", "key": "sensitivities", "progress": 209, "total": 1492 }
{ "@timestamp": "2023-10-20T23:29:40.565024", "key": "sensitivities", "progress": 224, "total": 1492 }
{ "@timestamp": "2023-10-20T23:29:40.669024", "key": "sensitivities", "progress": 239, "total": 1492 }
{ "@timestamp": "2023-10-20T23:29:40.791026", "key": "sensitivities", "progress": 254, "total": 1492 }
{ "@timestamp": "2023-10-20T23:29:40.923027", "key": "sensitivities", "progress": 269, "total": 1492 }
{ "@timestamp": "2023-10-20T23:29:41.029029", "key": "sensitivities", "progress": 284, "total": 1492 }
{ "@timestamp": "2023-10-20T23:29:41.136031", "key": "sensitivities", "progress": 299, "total": 1492 }
{ "@timestamp": "2023-10-20T23:29:41.242034", "key": "sensitivities", "progress": 314, "total": 1492 }
{ "@timestamp": "2023-10-20T23:29:41.338033", "key": "sensitivities", "progress": 329, "total": 1492 }
{ "@timestamp": "2023-10-20T23:29:41.441033", "key": "sensitivities", "progress": 344, "total": 1492 }
{ "@timestamp": "2023-10-20T23:29:41.542034", "key": "sensitivities", "progress": 359, "total": 1492 }
{ "@timestamp": "2023-10-20T23:29:41.640036", "key": "sensitivities", "progress": 373, "total": 1492 }
{ "@timestamp": "2023-10-20T23:29:41.733039", "key": "sensitivities", "progress": 388, "total": 1492 }
{ "@timestamp": "2023-10-20T23:29:41.833040", "key": "sensitivities", "progress": 403, "total": 1492 }
{ "@timestamp": "2023-10-20T23:29:41.965091", "key": "sensitivities", "progress": 418, "total": 1492 }
{ "@timestamp": "2023-10-20T23:29:42.070091", "key": "sensitivities", "progress": 433, "total": 1492 }
{ "@timestamp": "2023-10-20T23:29:42.179093", "key": "sensitivities", "progress": 448, "total": 1492 }
{ "@timestamp": "2023-10-20T23:29:42.285093", "key": "sensitivities", "progress": 463, "total": 1492 }
{ "@timestamp": "2023-10-20T23:29:42.398096", "key": "sensitivities", "progress": 478, "total": 1492 }
{ "@timestamp": "2023-10-20T23:29:42.518099", "key": "sensitivities", "progress": 493, "total": 1492 }
{ "@timestamp": "2023-10-20T23:29:42.649099", "key": "sensitivities", "progress": 508, "total": 1492 }
{ "@timestamp": "2023-10-20T23:29:42.765100", "key": "sensitivities", "progress": 523, "total": 1492 }
{ "@timestamp": "2023-10-20T23:29:42.888101", "key": "sensitivities", "progress": 538, "total": 1492 }
{ "@timestamp": "2023-10-20T23:29:43.005104", "key": "sensitivities", "progress": 553, "total": 1492 }
{ "@timestamp": "2023-10-20T23:29:43.113105", "key": "sensitivities", "progress": 567, "total": 1492 }
{ "@timestamp": "2023-10-20T23:29:43.232106", "key": "sensitivities", "progress": 582, "total": 1492 }
{ "@timestamp": "2023-10-20T23:29:43.346107", "key": "sensitivities", "progress": 597, "total": 1492 }
{ "@timestamp": "2023-10-20T23:29:43.473109", "key": "sensitivities", "progress": 612, "total": 1492 }
{ "@timestamp": "2023-10-20T23:29:43.602112", "key": "sensitivities", "progress": 627, "total": 1492 }
{ "@timestamp": "2023-10-20T23:29:43.722113", "key": "sensitivities", "progress": 642, "total": 1492 }
{ "@timestamp": "2023-10-20T23:29:43.896115", "key": "sensitivities", "progress": 657, "total": 1492 }
{ "@timestamp": "2023-10-20T23:29:44.045116", "key": "sensitivities", "progress": 672, "total": 1492 }
{ "@timestamp": "2023-10-20T23:29:44.168119", "key": "sensitivities", "progress": 687, "total": 1492 }
{ "@timestamp": "2023-10-20T23:29:44.296119", "key": "sensitivities", "progress": 702, "total": 1492 }
{ "@timestamp": "2023-10-20T23:29:44.403121", "key": "sensitivities", "progress": 717, "total": 1492 }
{ "@timestamp": "2023-10-20T23:29:44.527123", "key": "sensitivities", "progress": 732, "total": 1492 }
{ "@timestamp": "2023-10-20T23:29:44.649123", "key": "sensitivities", "progress": 746, "total": 1492 }
{ "@timestamp": "2023-10-20T23:29:44.798126", "key": "sensitivities", "progress": 761, "total": 1492 }
{ "@timestamp": "2023-10-20T23:29:44.926126", "key": "sensitivities", "progress": 776, "total": 1492 }
{ "@timestamp": "2023-10-20T23:29:45.063129", "key": "sensitivities", "progress": 791, "total": 1492 }
{ "@timestamp": "2023-10-20T23:29:45.200130", "key": "sensitivities", "progress": 806, "total": 1492 }
{ "@timestamp": "2023-10-20T23:29:45.310132", "key": "sensitivities", "progress": 821, "total": 1492 }
{ "@timestamp": "2023-10-20T23:29:45.428133", "key": "sensitivities", "progress": 836, "total": 1492 }
{ "@timestamp": "2023-10-20T23:29:45.551135", "key": "sensitivities", "progress": 851, "total": 1492 }
{ "@timestamp": "2023-10-20T23:29:45.667136", "key": "sensitivities", "progress": 866, "total": 1492 }
{ "@timestamp": "2023-10-20T23:29:45.789137", "key": "sensitivities", "progress": 881, "total": 1492 }
{ "@timestamp": "2023-10-20T23:29:45.939139", "key": "sensitivities", "progress": 896, "total": 1492 }
{ "@timestamp": "2023-10-20T23:29:46.104141", "key": "sensitivities", "progress": 911, "total": 1492 }
{ "@timestamp": "2023-10-20T23:29:46.243142", "key": "sensitivities", "progress": 926, "total": 1492 }
{ "@timestamp": "2023-10-20T23:29:46.355147", "key": "sensitivities", "progress": 940, "total": 1492 }
{ "@timestamp": "2023-10-20T23:29:46.482147", "key": "sensitivities", "progress": 955, "total": 1492 }
{ "@timestamp": "2023-10-20T23:29:46.593149", "key": "sensitivities", "progress": 970, "total": 1492 }
{ "@timestamp": "2023-10-20T23:29:46.712149", "key": "sensitivities", "progress": 985, "total": 1492 }
{ "@timestamp": "2023-10-20T23:29:46.836150", "key": "sensitivities", "progress": 1000, "total": 1492 }
{ "@timestamp": "2023-10-20T23:29:46.959152", "key": "sensitivities", "progress": 1015, "total": 1492 }
{ "@timestamp": "2023-10-20T23:29:47.102154", "key": "sensitivities", "progress": 1030, "total": 1492 }
{ "@timestamp": "2023-10-20T23:29:47.253155", "key": "sensitivities", "progress": 1045, "total": 1492 }
{ "@timestamp": "2023-10-20T23:29:47.377158", "key": "sensitivities", "progress": 1060, "total": 1492 }
{ "@timestamp": "2023-10-20T23:29:47.504161", "key": "sensitivities", "progress": 1075, "total": 1492 }
{ "@timestamp": "2023-10-20T23:29:47.632161", "key": "sensitivities", "progress": 1090, "total": 1492 }
{ "@timestamp": "2023-10-20T23:29:47.791162", "key": "sensitivities", "progress": 1105, "total": 1492 }
{ "@timestamp": "2023-10-20T23:29:47.938164", "key": "sensitivities", "progress": 1119, "total": 1492 }
{ "@timestamp": "2023-10-20T23:29:48.077166", "key": "sensitivities", "progress": 1134, "total": 1492 }
{ "@timestamp": "2023-10-20T23:29:48.247168", "key": "sensitivities", "progress": 1149, "total": 1492 }
{ "@timestamp": "2023-10-20T23:29:48.441241", "key": "sensitivities", "progress": 1164, "total": 1492 }
{ "@timestamp": "2023-10-20T23:29:48.585243", "key": "sensitivities", "progress": 1179, "total": 1492 }
{ "@timestamp": "2023-10-20T23:29:48.748248", "key": "sensitivities", "progress": 1194, "total": 1492 }
{ "@timestamp": "2023-10-20T23:29:48.886246", "key": "sensitivities", "progress": 1209, "total": 1492 }
{ "@timestamp": "2023-10-20T23:29:49.010250", "key": "sensitivities", "progress": 1224, "total": 1492 }
{ "@timestamp": "2023-10-20T23:29:49.157251", "key": "sensitivities", "progress": 1239, "total": 1492 }
{ "@timestamp": "2023-10-20T23:29:49.287252", "key": "sensitivities", "progress": 1254, "total": 1492 }
{ "@timestamp": "2023-10-20T23:29:49.402253", "key": "sensitivities", "progress": 1269, "total": 1492 }
{ "@timestamp": "2023-10-20T23:29:49.534254", "key": "sensitivities", "progress": 1284, "total": 1492 }
{ "@timestamp": "2023-10-20T23:29:49.677258", "key": "sensitivities", "progress": 1299, "total": 1492 }
{ "@timestamp": "2023-10-20T23:29:49.799258", "key": "sensitivities", "progress": 1313, "total": 1492 }
{ "@timestamp": "2023-10-20T23:29:49.912260", "key": "sensitivities", "progress": 1328, "total": 1492 }
{ "@timestamp": "2023-10-20T23:29:50.039261", "key": "sensitivities", "progress": 1343, "total": 1492 }
{ "@timestamp": "2023-10-20T23:29:50.169262", "key": "sensitivities", "progress": 1358, "total": 1492 }
{ "@timestamp": "2023-10-20T23:29:50.286264", "key": "sensitivities", "progress": 1373, "total": 1492 }
{ "@timestamp": "2023-10-20T23:29:50.408267", "key": "sensitivities", "progress": 1388, "total": 1492 }
{ "@timestamp": "2023-10-20T23:29:50.535268", "key": "sensitivities", "progress": 1403, "total": 1492 }
{ "@timestamp": "2023-10-20T23:29:50.662269", "key": "sensitivities", "progress": 1418, "total": 1492 }
{ "@timestamp": "2023-10-20T23:29:50.797270", "key": "sensitivities", "progress": 1433, "total": 1492 }
{ "@timestamp": "2023-10-20T23:29:50.939272", "key": "sensitivities", "progress": 1448, "total": 1492 }
{ "@timestamp": "2023-10-20T23:29:51.052275", "key": "sensitivities", "progress": 1463, "total": 1492 }
{ "@timestamp": "2023-10-20T23:29:51.181275", "key": "sensitivities", "progress": 1478, "total": 1492 }
{ "@timestamp": "2023-10-20T23:29:51.291277", "key": "sensitivities", "progress": 1492, "total": 1492 }
