{ "@timestamp": "2023-10-20T23:31:18.977048", "key": "sensitivities", "progress": 0, "total": 1231 }
{ "@timestamp": "2023-10-20T23:31:19.382054", "key": "sensitivities", "progress": 13, "total": 1231 }
{ "@timestamp": "2023-10-20T23:31:20.289065", "key": "sensitivities", "progress": 25, "total": 1231 }
{ "@timestamp": "2023-10-20T23:31:20.335066", "key": "sensitivities", "progress": 37, "total": 1231 }
{ "@timestamp": "2023-10-20T23:31:20.398066", "key": "sensitivities", "progress": 50, "total": 1231 }
{ "@timestamp": "2023-10-20T23:31:21.286077", "key": "sensitivities", "progress": 62, "total": 1231 }
{ "@timestamp": "2023-10-20T23:31:21.694082", "key": "sensitivities", "progress": 74, "total": 1231 }
{ "@timestamp": "2023-10-20T23:31:21.747083", "key": "sensitivities", "progress": 87, "total": 1231 }
{ "@timestamp": "2023-10-20T23:31:21.800083", "key": "sensitivities", "progress": 99, "total": 1231 }
{ "@timestamp": "2023-10-20T23:31:23.398105", "key": "sensitivities", "progress": 111, "total": 1231 }
{ "@timestamp": "2023-10-20T23:31:25.281126", "key": "sensitivities", "progress": 124, "total": 1231 }
{ "@timestamp": "2023-10-20T23:31:25.804133", "key": "sensitivities", "progress": 136, "total": 1231 }
{ "@timestamp": "2023-10-20T23:31:25.846133", "key": "sensitivities", "progress": 148, "total": 1231 }
{ "@timestamp": "2023-10-20T23:31:25.903133", "key": "sensitivities", "progress": 161, "total": 1231 }
{ "@timestamp": "2023-10-20T23:31:25.962135", "key": "sensitivities", "progress": 173, "total": 1231 }
{ "@timestamp": "2023-10-20T23:31:26.456141", "key": "sensitivities", "progress": 185, "total": 1231 }
{ "@timestamp": "2023-10-20T23:31:27.915246", "key": "sensitivities", "progress": 197, "total": 1231 }
{ "@timestamp": "2023-10-20T23:31:29.364266", "key": "sensitivities", "progress": 210, "total": 1231 }
{ "@timestamp": "2023-10-20T23:31:29.408264", "key": "sensitivities", "progress": 222, "total": 1231 }
{ "@timestamp": "2023-10-20T23:31:29.452265", "key": "sensitivities", "progress": 234, "total": 1231 }
{ "@timestamp": "2023-10-20T23:31:29.516266", "key": "sensitivities", "progress": 247, "total": 1231 }
{ "@timestamp": "2023-10-20T23:31:29.562265", "key": "sensitivities", "progress": 259, "total": 1231 }
{ "@timestamp": "2023-10-20T23:31:29.604267", "key": "sensitivities", "progress": 271, "total": 1231 }
{ "@timestamp": "2023-10-20T23:31:29.654268", "key": "sensitivities", "progress": 284, "total": 1231 }
{ "@timestamp": "2023-10-20T23:31:29.694269", "key": "sensitivities", "progress": 296, "total": 1231 }
{ "@timestamp": "2023-10-20T23:31:29.736270", "key": "sensitivities", "progress": 308, "total": 1231 }
{ "@timestamp": "2023-10-20T23:31:29.781270", "key": "sensitivities", "progress": 321, "total": 1231 }
{ "@timestamp": "2023-10-20T23:31:29.821270", "key": "sensitivities", "progress": 333, "total": 1231 }
{ "@timestamp": "2023-10-20T23:31:29.868271", "key": "sensitivities", "progress": 345, "total": 1231 }
{ "@timestamp": "2023-10-20T23:31:29.912272", "key": "sensitivities", "progress": 357, "total": 1231 }
{ "@timestamp": "2023-10-20T23:31:29.961272", "key": "sensitivities", "progress": 370, "total": 1231 }
{ "@timestamp": "2023-10-20T23:31:30.001272", "key": "sensitivities", "progress": 382, "total": 1231 }
{ "@timestamp": "2023-10-20T23:31:30.045275", "key": "sensitivities", "progress": 394, "total": 1231 }
{ "@timestamp": "2023-10-20T23:31:30.097272", "key": "sensitivities", "progress": 407, "total": 1231 }
{ "@timestamp": "2023-10-20T23:31:30.150275", "key": "sensitivities", "progress": 419, "total": 1231 }
{ "@timestamp": "2023-10-20T23:31:30.195276", "key": "sensitivities", "progress": 431, "total": 1231 }
{ "@timestamp": "2023-10-20T23:31:30.298276", "key": "sensitivities", "progress": 444, "total": 1231 }
{ "@timestamp": "2023-10-20T23:31:30.749281", "key": "sensitivities", "progress": 456, "total": 1231 }
{ "@timestamp": "2023-10-20T23:31:31.170286", "key": "sensitivities", "progress": 468, "total": 1231 }
{ "@timestamp": "2023-10-20T23:31:31.237286", "key": "sensitivities", "progress": 481, "total": 1231 }
{ "@timestamp": "2023-10-20T23:31:31.300288", "key": "sensitivities", "progress": 493, "total": 1231 }
{ "@timestamp": "2023-10-20T23:31:31.368289", "key": "sensitivities", "progress": 505, "total": 1231 }
{ "@timestamp": "2023-10-20T23:31:31.440289", "key": "sensitivities", "progress": 518, "total": 1231 }
{ "@timestamp": "2023-10-20T23:31:31.501291", "key": "sensitivities", "progress": 530, "total": 1231 }
{ "@timestamp": "2023-10-20T23:31:31.559291", "key": "sensitivities", "progress": 542, "total": 1231 }
{ "@timestamp": "2023-10-20T23:31:31.620292", "key": "sensitivities", "progress": 554, "total": 1231 }
{ "@timestamp": "2023-10-20T23:31:31.688293", "key": "sensitivities", "progress": 567, "total": 1231 }
{ "@timestamp": "2023-10-20T23:31:31.753293", "key": "sensitivities", "progress": 579, "total": 1231 }
{ "@timestamp": "2023-10-20T23:31:31.799294", "key": "sensitivities", "progress": 591, "total": 1231 }
{ "@timestamp": "2023-10-20T23:31:32.214299", "key": "sensitivities", "progress": 604, "total": 1231 }
{ "@timestamp": "2023-10-20T23:31:33.820320", "key": "sensitivities", "progress": 616, "total": 1231 }
{ "@timestamp": "2023-10-20T23:31:35.441340", "key": "sensitivities", "progress": 628, "total": 1231 }
{ "@timestamp": "2023-10-20T23:31:37.107360", "key": "sensitivities", "progress": 641, "total": 1231 }
{ "@timestamp": "2023-10-20T23:31:38.795381", "key": "sensitivities", "progress": 653, "total": 1231 }
{ "@timestamp": "2023-10-20T23:31:40.337399", "key": "sensitivities", "progress": 665, "total": 1231 }
{ "@timestamp": "2023-10-20T23:31:42.033421", "key": "sensitivities", "progress": 678, "total": 1231 }
{ "@timestamp": "2023-10-20T23:31:43.516437", "key": "sensitivities", "progress": 690, "total": 1231 }
{ "@timestamp": "2023-10-20T23:31:45.068458", "key": "sensitivities", "progress": 702, "total": 1231 }
{ "@timestamp": "2023-10-20T23:31:46.649924", "key": "sensitivities", "progress": 714, "total": 1231 }
{ "@timestamp": "2023-10-20T23:31:48.581948", "key": "sensitivities", "progress": 727, "total": 1231 }
{ "@timestamp": "2023-10-20T23:31:50.122964", "key": "sensitivities", "progress": 739, "total": 1231 }
{ "@timestamp": "2023-10-20T23:31:51.641979", "key": "sensitivities", "progress": 751, "total": 1231 }
{ "@timestamp": "2023-10-20T23:31:53.255997", "key": "sensitivities", "progress": 764, "total": 1231 }
{ "@timestamp": "2023-10-20T23:31:54.782012", "key": "sensitivities", "progress": 776, "total": 1231 }
{ "@timestamp": "2023-10-20T23:31:56.566032", "key": "sensitivities", "progress": 788, "total": 1231 }
{ "@timestamp": "2023-10-20T23:31:58.388051", "key": "sensitivities", "progress": 801, "total": 1231 }
{ "@timestamp": "2023-10-20T23:31:59.886068", "key": "sensitivities", "progress": 813, "total": 1231 }
{ "@timestamp": "2023-10-20T23:32:01.383084", "key": "sensitivities", "progress": 825, "total": 1231 }
{ "@timestamp": "2023-10-20T23:32:03.016101", "key": "sensitivities", "progress": 838, "total": 1231 }
{ "@timestamp": "2023-10-20T23:32:04.567117", "key": "sensitivities", "progress": 850, "total": 1231 }
{ "@timestamp": "2023-10-20T23:32:06.112133", "key": "sensitivities", "progress": 862, "total": 1231 }
{ "@timestamp": "2023-10-20T23:32:07.832152", "key": "sensitivities", "progress": 875, "total": 1231 }
{ "@timestamp": "2023-10-20T23:32:09.341168", "key": "sensitivities", "progress": 887, "total": 1231 }
{ "@timestamp": "2023-10-20T23:32:10.843184", "key": "sensitivities", "progress": 899, "total": 1231 }
{ "@timestamp": "2023-10-20T23:32:12.384201", "key": "sensitivities", "progress": 911, "total": 1231 }
{ "@timestamp": "2023-10-20T23:32:14.183220", "key": "sensitivities", "progress": 924, "total": 1231 }
{ "@timestamp": "2023-10-20T23:32:15.948240", "key": "sensitivities", "progress": 936, "total": 1231 }
{ "@timestamp": "2023-10-20T23:32:17.642257", "key": "sensitivities", "progress": 948, "total": 1231 }
{ "@timestamp": "2023-10-20T23:32:19.391275", "key": "sensitivities", "progress": 961, "total": 1231 }
{ "@timestamp": "2023-10-20T23:32:20.932311", "key": "sensitivities", "progress": 973, "total": 1231 }
{ "@timestamp": "2023-10-20T23:32:22.649569", "key": "sensitivities", "progress": 985, "total": 1231 }
{ "@timestamp": "2023-10-20T23:32:24.681590", "key": "sensitivities", "progress": 998, "total": 1231 }
{ "@timestamp": "2023-10-20T23:32:26.481609", "key": "sensitivities", "progress": 1010, "total": 1231 }
{ "@timestamp": "2023-10-20T23:32:28.386688", "key": "sensitivities", "progress": 1022, "total": 1231 }
{ "@timestamp": "2023-10-20T23:32:30.308707", "key": "sensitivities", "progress": 1035, "total": 1231 }
{ "@timestamp": "2023-10-20T23:32:32.108722", "key": "sensitivities", "progress": 1047, "total": 1231 }
{ "@timestamp": "2023-10-20T23:32:34.061744", "key": "sensitivities", "progress": 1059, "total": 1231 }
{ "@timestamp": "2023-10-20T23:32:35.634363", "key": "sensitivities", "progress": 1071, "total": 1231 }
{ "@timestamp": "2023-10-20T23:32:37.369902", "key": "sensitivities", "progress": 1084, "total": 1231 }
{ "@timestamp": "2023-10-20T23:32:39.003920", "key": "sensitivities", "progress": 1096, "total": 1231 }
{ "@timestamp": "2023-10-20T23:32:40.528989", "key": "sensitivities", "progress": 1108, "total": 1231 }
{ "@timestamp": "2023-10-20T23:32:42.016008", "key": "sensitivities", "progress": 1121, "total": 1231 }
{ "@timestamp": "2023-10-20T23:32:43.570023", "key": "sensitivities", "progress": 1133, "total": 1231 }
{ "@timestamp": "2023-10-20T23:32:45.362043", "key": "sensitivities", "progress": 1145, "total": 1231 }
{ "@timestamp": "2023-10-20T23:32:47.089061", "key": "sensitivities", "progress": 1158, "total": 1231 }
{ "@timestamp": "2023-10-20T23:32:48.800079", "key": "sensitivities", "progress": 1170, "total": 1231 }
{ "@timestamp": "2023-10-20T23:32:50.367095", "key": "sensitivities", "progress": 1182, "total": 1231 }
{ "@timestamp": "2023-10-20T23:32:52.057114", "key": "sensitivities", "progress": 1195, "total": 1231 }
{ "@timestamp": "2023-10-20T23:32:53.647130", "key": "sensitivities", "progress": 1207, "total": 1231 }
{ "@timestamp": "2023-10-20T23:32:55.200185", "key": "sensitivities", "progress": 1219, "total": 1231 }
{ "@timestamp": "2023-10-20T23:32:56.717201", "key": "sensitivities", "progress": 1231, "total": 1231 }
{ "@timestamp": "2023-10-20T23:33:10.427349", "key": "stress scenarios", "progress": 0, "total": 3 }
{ "@timestamp": "2023-10-20T23:33:10.441349", "key": "stress scenarios", "progress": 1, "total": 3 }
{ "@timestamp": "2023-10-20T23:33:10.632351", "key": "stress scenarios", "progress": 2, "total": 3 }
{ "@timestamp": "2023-10-20T23:33:10.812353", "key": "stress scenarios", "progress": 3, "total": 3 }
