{ "@timestamp": "2023-10-20T23:35:19.728773", "key": "Running XVA Analytic", "progress": 0, "total": 1 }
{ "@timestamp": "2023-10-20T23:35:19.734772", "key": "XVA: Build Today's Market", "progress": 0, "total": 1 }
{ "@timestamp": "2023-10-20T23:35:37.922151", "key": "XVA: Build Today's Market", "progress": 1, "total": 1 }
{ "@timestamp": "2023-10-20T23:35:38.808414", "key": "XVA: Load Cubes", "progress": 0, "total": 1 }
{ "@timestamp": "2023-10-20T23:35:38.811415", "key": "XVA: Load Cubes", "progress": 1, "total": 1 }
{ "@timestamp": "2023-10-20T23:35:38.829414", "key": "XVA: Aggregation", "progress": 0, "total": 1 }
{ "@timestamp": "2023-10-20T23:35:44.223343", "key": "XVA: Aggregation", "progress": 1, "total": 1 }
{ "@timestamp": "2023-10-20T23:35:44.225342", "key": "XVA: Reports", "progress": 0, "total": 1 }
{ "@timestamp": "2023-10-20T23:35:44.234343", "key": "XVA: Reports", "progress": 1, "total": 1 }
{ "@timestamp": "2023-10-20T23:35:44.236345", "key": "Running XVA Analytic", "progress": 1, "total": 1 }
